[INFO] rom_path: /mnt/SDCARD/Roms/Sony PlayStation (PS)/Tony Hawk's Pro Skater 2/Tony Hawk's Pro Skater 2.cue
current_mode 1024x768
SDL_UDEV_DEVICEADDED 2 /dev/input/event1
SDL_UDEV_DEVICEADDED 8 /dev/audio
SDL_UDEV_DEVICEADDED 8 /dev/dsp
SDL_UDEV_DEVICEADDED 2 /dev/input/event2
SDL_UDEV_DEVICEADDED 8 /dev/mixer
SDL_UDEV_DEVICEADDED 8 /dev/snd/pcmC0D0c
SDL_UDEV_DEVICEADDED 8 /dev/snd/pcmC0D0p
SDL_UDEV_DEVICEADDED 8 /dev/snd/controlC0
SDL_UDEV_DEVICEADDED 2 /dev/input/event0
SDL_UDEV_DEVICEADDED 6 /dev/input/event3
SDL_UDEV_DEVICEADDED 6 /dev/input/js0
SDL_UDEV_DEVICEADDED 8 /dev/snd/seq
SDL_UDEV_DEVICEADDED 8 /dev/sequencer
SDL_UDEV_DEVICEADDED 8 /dev/sequencer2
SDL_UDEV_DEVICEADDED 8 /dev/snd/timer
MALI_CreateWindow:0x3f96510 done.
[INFO] Current render driver: opengles2
[INFO] Supported texture formats:
[INFO] - SDL_PIXELFORMAT_ABGR8888
[INFO] - SDL_PIXELFORMAT_ARGB8888
[INFO] - SDL_PIXELFORMAT_RGB888
[INFO] - SDL_PIXELFORMAT_BGR888
[INFO] - SDL_PIXELFORMAT_YV12
[INFO] - SDL_PIXELFORMAT_IYUV
[INFO] - SDL_PIXELFORMAT_NV12
[INFO] - SDL_PIXELFORMAT_NV21
[WARN] Unable to open led settings file
[WARN] LEDS_applyRules called before PWR_init
[WARN] LEDS_applyRules called before InitSettings
[INFO] load shader from file /mnt/SDCARD/.system/tg5040/shaders/default.glsl
[INFO] load shader from file /mnt/SDCARD/.system/tg5040/shaders/default.glsl
[INFO] Loaded shader program from cache: default.glsl
[INFO] Shader Program Linking Success default.glsl shader ID is 3
[INFO] load shader from file /mnt/SDCARD/.system/tg5040/shaders/overlay.glsl
[INFO] load shader from file /mnt/SDCARD/.system/tg5040/shaders/overlay.glsl
[INFO] Loaded shader program from cache: overlay.glsl
[INFO] Shader Program Linking Success overlay.glsl shader ID is 6
[INFO] load shader from file /mnt/SDCARD/.system/tg5040/shaders/noshader.glsl
[INFO] load shader from file /mnt/SDCARD/.system/tg5040/shaders/noshader.glsl
[INFO] Loaded shader program from cache: noshader.glsl
[INFO] Shader Program Linking Success noshader.glsl shader ID is 9
[INFO] default shaders loaded, 3

SDL_UDEV_DEVICEADDED 2 /dev/input/event1
SDL_UDEV_DEVICEADDED 8 /dev/audio
SDL_UDEV_DEVICEADDED 8 /dev/dsp
SDL_UDEV_DEVICEADDED 2 /dev/input/event2
SDL_UDEV_DEVICEADDED 8 /dev/mixer
SDL_UDEV_DEVICEADDED 8 /dev/snd/pcmC0D0c
SDL_UDEV_DEVICEADDED 8 /dev/snd/pcmC0D0p
SDL_UDEV_DEVICEADDED 8 /dev/snd/controlC0
SDL_UDEV_DEVICEADDED 2 /dev/input/event0
SDL_UDEV_DEVICEADDED 6 /dev/input/event3
SDL_UDEV_DEVICEADDED 6 /dev/input/js0
SDL_UDEV_DEVICEADDED 8 /dev/snd/seq
SDL_UDEV_DEVICEADDED 8 /dev/sequencer
SDL_UDEV_DEVICEADDED 8 /dev/sequencer2
SDL_UDEV_DEVICEADDED 8 /dev/snd/timer
[INFO] Opening joystick 0: Xbox 360 Controller
[WARN] Unable to open led settings file
[WARN] LEDS_applyRules called before PWR_init
[WARN] LEDS_applyRules called before InitSettings
[WARN] LEDS_applyRules called before InitSettings
[INFO] PWR_init complete
[WARN] LEDS_applyRules called before InitSettings
[INFO] Core_open
[INFO] Block Extract: 0
[INFO] core: pcsx_rearmed version: PCSX-ReARMed (r26 050981b) tag: PS (valid_extensions: bin|cue|img|mdf|pbp|toc|cbn|m3u|chd|iso|exe need_fullpath: 1)
[INFO] OptionList_v2_init
CATEGORY system
CATEGORY video
CATEGORY gpu_neon
CATEGORY audio
CATEGORY input
CATEGORY compat_hack
CATEGORY speed_hack
[INFO] Core asked for option key pcsx_rearmed_show_input_settings to be invisible
[INFO] Game_open
opendir: No such file or directory
File does not exist in /tmp/nextarch/PS
[INFO] Config_load
[INFO] config.device_tag brick
[INFO] usng device_system_path: /mnt/SDCARD/.system/tg5040/system-brick.cfg
[INFO] usng device_default_path: /mnt/SDCARD/.system/tg5040/paks/Emus/PS.pak/default-brick.cfg
[INFO] Config_getPath /mnt/SDCARD/.userdata/tg5040/PS-pcsx_rearmed/Tony Hawk's Pro Skater 2.cue-brick.cfg
[INFO] Config_getPath /mnt/SDCARD/.userdata/tg5040/PS-pcsx_rearmed/minarch-brick.cfg
[INFO] using user config: /mnt/SDCARD/.userdata/tg5040/PS-pcsx_rearmed/minarch-brick.cfg
[INFO] Config_init
[INFO] 	bind Up (UP) 0:4
[INFO] 	bind Down (DOWN) 1:5
[INFO] 	bind Left (LEFT) 2:6
[INFO] 	bind Right (RIGHT) 3:7
[INFO] 	bind Select (SELECT) 9:2
[INFO] 	bind Start (START) 8:3
[INFO] 	bind Circle (A) 4:8
[INFO] 	bind Cross (B) 5:0
[INFO] 	bind Triangle (X) 6:9
[INFO] 	bind Square (Y) 7:1
[INFO] 	bind L1 Button (L1) 10:10
[INFO] 	bind R1 Button (R1) 11:11
[INFO] 	bind L2 Button (L2) 12:12
[INFO] 	bind R2 Button (R2) 13:13
[INFO] Config_readOptions
[INFO] Config_readOptions
[INFO] port: 1  device: dualshock
[INFO] Config_readOptions
[INFO] Core_init
[INFO] Starting PCSX-ReARMed 050981b (cc 8.3.0 64bit pic arm64v8 neon ari64 gpu=neon)
[INFO] build time: Jul 19 2026 22:31:09
[INFO] 4 cpu core(s) detected
[INFO] Init new dynarec, ndrc size 1001000, pgsize 4096
[INFO] ndrc config: mul=175, ha=0, pex=0
[INFO] (0x7f966e2280) testing if we can run recompiled code @0x7f96f73000...
[INFO] test passed.
[INFO] Mapped (RAM/scrp/ROM/LUTs/TC):
[INFO] 0x80000000/0x1f800000/0x1fc00000/(nil)/0x7f96f73000
[INFO] compiler thread enabled
[INFO] found JP BIOS file, crc32 ff3eeb8c: /mnt/SDCARD/Bios/PS/scph5500.bin
[INFO] found US BIOS file, crc32 8d8cb7e4: /mnt/SDCARD/Bios/PS/scph5501.bin
[INFO] found EU BIOS file, crc32 d786f0b9: /mnt/SDCARD/Bios/PS/scph5502.bin
[INFO] [RA] RA_init() called, RAEnable=0
[INFO] [RA] RetroAchievements disabled in settings, returning early
[INFO] Core_load
[INFO] game path: /mnt/SDCARD/Roms/Sony PlayStation (PS)/Tony Hawk's Pro Skater 2/Tony Hawk's Pro Skater 2.cue (0)
[INFO] Input_init
---------------------------------
---------------------------------
---------------------------------
---------------------------------
[INFO] Requested pixel format by core: 2
[INFO] Format supported: RETRO_PIXEL_FORMAT_RGB565
[INFO] Using PIXEL_FORMAT 2
[INFO] cdrom precache: 12 buffers
[INFO] plugin: /builtin_gpu
[INFO] plugin: /builtin_spu
[INFO] Plugins loaded.
[INFO] Loaded CD Image: /mnt/SDCARD/Roms/Sony PlayStation (PS)/Tony Hawk's Pro Skater 2/Tony Hawk's Pro Skater 2.cue[+cue] (96 bytes).
[INFO] Track 01 DATA  - Start 00:02:00, Length 70:40:43
[INFO] End 70:42:43 (sector 318193)
[INFO] cdrom precache: 12 buffers
[INFO] CD-ROM Label: SLUS01066                       
[INFO] CD-ROM ID: SLUS01066
[INFO] CD-ROM EXE Name: SLUS_010.66;1
[INFO] memcard 1 is libretro-managed
[INFO] Loading memory card /mnt/SDCARD/Saves/PS/pcsx-card2.mcd
[INFO] Loaded BIOS "/mnt/SDCARD/Bios/PS/scph5501.bin".
[INFO] BIOS: 19951204, 'CEX-3000/1001/1002 by K.S.', 'A'
[INFO] Checking cheat path: /mnt/SDCARD/Cheats/PS/Tony Hawk's Pro Skater 2.cue.cht
[INFO] Checking cheat path: /mnt/SDCARD/Cheats/PS/Tony Hawk's Pro Skater 2.bin.cht
[INFO] Checking cheat path: /mnt/SDCARD/Cheats/PS/Tony Hawk's Pro Skater 2.cue.cht
[INFO] Checking cheat path: /mnt/SDCARD/Cheats/PS/Tony Hawk's Pro Skater 2.img.cht
[INFO] Checking cheat path: /mnt/SDCARD/Cheats/PS/Tony Hawk's Pro Skater 2.mdf.cht
[INFO] Checking cheat path: /mnt/SDCARD/Cheats/PS/Tony Hawk's Pro Skater 2.pbp.cht
[INFO] Checking cheat path: /mnt/SDCARD/Cheats/PS/Tony Hawk's Pro Skater 2.toc.cht
[INFO] Checking cheat path: /mnt/SDCARD/Cheats/PS/Tony Hawk's Pro Skater 2.cbn.cht
[INFO] Checking cheat path: /mnt/SDCARD/Cheats/PS/Tony Hawk's Pro Skater 2.m3u.cht
[INFO] Checking cheat path: /mnt/SDCARD/Cheats/PS/Tony Hawk's Pro Skater 2.chd.cht
[INFO] Checking cheat path: /mnt/SDCARD/Cheats/PS/Tony Hawk's Pro Skater 2.iso.cht
[INFO] Checking cheat path: /mnt/SDCARD/Cheats/PS/Tony Hawk's Pro Skater 2.exe.cht
[INFO] Checking cheat path: /mnt/SDCARD/Cheats/PS/Tony Hawk's Pro Skater 2.cht
[INFO] Checking cheat path: /mnt/SDCARD/Cheats/PS/Tony Hawk's Pro Skater 2*.cht
[INFO] No cheat file found
[INFO] SRAM_getPath /mnt/SDCARD/Saves/PS/Tony Hawk's Pro Skater 2.cue.sav
sav path (read): /mnt/SDCARD/Saves/PS/Tony Hawk's Pro Skater 2.cue.sav
[INFO] aspect_ratio: 1.333333 (256x240) fps: 60.000000
[INFO] Config_readOptions
[INFO] Config_readOptions
[INFO] port: 1  device: dualshock
[INFO] Config_readOptions
[INFO] Config_readControlsString
[INFO] Config_readControlsString
[INFO] SND_init
[INFO] Available audio drivers:
[INFO] - alsa
[INFO] - dsp
[INFO] - disk
[INFO] - dummy
[INFO] Current audio driver: alsa
[INFO] Available audio devices:
[INFO] - audiocodec, 
[INFO] We now have audio device #2
[INFO] Resizing audio buffer for new frame count: 5857
[INFO] Resized audio buffer to: 23428 bytes
[INFO] sample rate: 44100 (req) 44100 (rec) [samples 512]
[INFO] PLAT_audioDeviceWatchRegister: Watching directory /mnt/SDCARD/.userdata/tg5040
[INFO] PLAT_audioDeviceWatchRegister: Watching file /mnt/SDCARD/.userdata/tg5040/.asoundrc
Simple mixer control 'Headphone',0
  Capabilities: volume volume-joined pswitch pswitch-joined
  Playback channels: Mono
  Capture channels: Mono
  Limits: 0 - 7
  Mono: 0 [0%] [-42.00dB] Playback [on]
Simple mixer control 'ADC Swap',0
  Capabilities: enum
  Items: 'Off' 'On'
  Item0: 'Off'
Simple mixer control 'ADC volume',0
  Capabilities: volume
  Playback channels: Front Left - Front Right
  Capture channels: Front Left - Front Right
  Limits: 0 - 255
  Front Left: 160 [63%]
  Front Right: 160 [63%]
Simple mixer control 'ADCL Input MIC1 Boost',0
  Capabilities: pswitch pswitch-joined
  Playback channels: Mono
  Mono: Playback [on]
Simple mixer control 'ADCR Input MIC2 Boost',0
  Capabilities: pswitch pswitch-joined
  Playback channels: Mono
  Mono: Playback [on]
Simple mixer control 'DAC Swap',0
  Capabilities: enum
  Items: 'Off' 'On'
  Item0: 'Off'
Simple mixer control 'DAC volume',0
  Capabilities: volume
  Playback channels: Front Left - Front Right
  Capture channels: Front Left - Front Right
  Limits: 0 - 255
  Front Left: 160 [63%]
  Front Right: 160 [63%]
Simple mixer control 'HpSpeaker',0
  Capabilities: pswitch pswitch-joined
  Playback channels: Mono
  Mono: Playback [on]
Simple mixer control 'LINEOUT',0
  Capabilities: pswitch pswitch-joined
  Playback channels: Mono
  Mono: Playback [off]
Simple mixer control 'LINEOUT Output Select',0
  Capabilities: enum
  Items: 'DAC_SINGLE' 'DAC_DIFFER'
  Item0: 'DAC_SINGLE'
Simple mixer control 'LINEOUT volume',0
  Capabilities: volume volume-joined
  Playback channels: Mono
  Capture channels: Mono
  Limits: 0 - 31
  Mono: 26 [84%]
Simple mixer control 'MIC1 gain volume',0
  Capabilities: volume volume-joined
  Playback channels: Mono
  Capture channels: Mono
  Limits: 0 - 31
  Mono: 18 [58%]
Simple mixer control 'MIC2 gain volume',0
  Capabilities: volume volume-joined
  Playback channels: Mono
  Capture channels: Mono
  Limits: 0 - 31
  Mono: 18 [58%]
Simple mixer control 'Soft Volume Master',0
  Capabilities: volume
  Playback channels: Front Left - Front Right
  Capture channels: Front Left - Front Right
  Limits: 0 - 255
  Front Left: 255 [100%]
  Front Right: 255 [100%]
Simple mixer control 'codec hub mode',0
  Capabilities: enum
  Items: 'hub_disable' 'hub_enable'
  Item0: 'hub_disable'
Simple mixer control 'digital volume',0
  Capabilities: volume volume-joined
  Playback channels: Mono
  Capture channels: Mono
  Limits: 0 - 63
  Mono: 40 [63%]
Simple mixer control 'Headphone',0
  Capabilities: volume volume-joined pswitch pswitch-joined
  Playback channels: Mono
  Capture channels: Mono
  Limits: 0 - 7
  Mono: 0 [0%] [-42.00dB] Playback [on]
Simple mixer control 'digital volume',0
  Capabilities: volume volume-joined
  Playback channels: Mono
  Capture channels: Mono
  Limits: 0 - 63
  Mono: 0 [0%]
Simple mixer control 'DAC Swap',0
  Capabilities: enum
  Items: 'Off' 'On'
  Item0: 'Off'
SetRawBrightness(1)
SetRawColortemp(0)
SetRawContrast(50)
SetRawSaturation(50)
SetRawExposure(50)
SetRawDisplayCal(1,100,92,58)
[INFO] [RA] RA_loadGame: client=(nil), RAEnable=0, login=LOGIN_IDLE, path=/mnt/SDCARD/Roms/Sony PlayStation (PS)/Tony Hawk's Pro Skater 2/Tony Hawk's Pro Skater 2.cue
[INFO] chooseSyncRef: sync_ref is set to Auto, game region is NTSC, use core fps = no
[INFO] set nr of shaders to 0
[INFO] minarch: updating shader 1 - 17
[INFO] loading shader 
[INFO] load shader from file /mnt/SDCARD/Shaders/glsl/stock.glsl
[INFO] load shader from file /mnt/SDCARD/Shaders/glsl/stock.glsl
[INFO] Loaded shader program from cache: stock.glsl
[INFO] Shader Program Linking Success stock.glsl shader ID is 12
[INFO] minarch: updating shader 2 - 17
[INFO] loading shader 
[INFO] load shader from file /mnt/SDCARD/Shaders/glsl/stock.glsl
[INFO] load shader from file /mnt/SDCARD/Shaders/glsl/stock.glsl
[INFO] Loaded shader program from cache: stock.glsl
[INFO] Shader Program Linking Success stock.glsl shader ID is 15
[INFO] minarch: updating shader 3 - 17
[INFO] loading shader 
[INFO] load shader from file /mnt/SDCARD/Shaders/glsl/stock.glsl
[INFO] load shader from file /mnt/SDCARD/Shaders/glsl/stock.glsl
[INFO] Loaded shader program from cache: stock.glsl
[INFO] Shader Program Linking Success stock.glsl shader ID is 18
[INFO] Config_readOptions
[INFO] Config_readOptions
[INFO] Config_readOptions
[INFO] total startup time 2310ms

[INFO] Joystick added at index 0: Xbox 360 Controller
[INFO] Pixel conversion: ARM NEON SIMD optimizations enabled
[INFO] Pad1: Auto-enabling dualshock analog mode.
