[INFO] MinArch
[INFO] uv: table slot chips/3c8226dd00c64a5400009c0000000000
[INFO] uv: voltage authority armed (8 table entries)
[INFO] rom_path: /mnt/SDCARD/Roms/5) Sega Genesis (MD)/Sonic The Hedgehog.md
current_mode 1024x768
SDL_UDEV_DEVICEADDED 2 /dev/input/event1
SDL_UDEV_DEVICEADDED 8 /dev/audio
SDL_UDEV_DEVICEADDED 8 /dev/dsp
SDL_UDEV_DEVICEADDED 2 /dev/input/event2
SDL_UDEV_DEVICEADDED 8 /dev/mixer
SDL_UDEV_DEVICEADDED 8 /dev/snd/pcmC0D0c
SDL_UDEV_DEVICEADDED 8 /dev/snd/pcmC0D0p
SDL_UDEV_DEVICEADDED 8 /dev/snd/controlC0
SDL_UDEV_DEVICEADDED 2 /dev/input/event0
SDL_UDEV_DEVICEADDED 6 /dev/input/event3
SDL_UDEV_DEVICEADDED 6 /dev/input/js0
SDL_UDEV_DEVICEADDED 8 /dev/snd/seq
SDL_UDEV_DEVICEADDED 8 /dev/sequencer
SDL_UDEV_DEVICEADDED 8 /dev/sequencer2
SDL_UDEV_DEVICEADDED 8 /dev/snd/timer
MALI_CreateWindow:0x220bb910 done.
SDL_UDEV_DEVICEADDED 2 /dev/input/event1
SDL_UDEV_DEVICEADDED 8 /dev/audio
SDL_UDEV_DEVICEADDED 8 /dev/dsp
SDL_UDEV_DEVICEADDED 2 /dev/input/event2
SDL_UDEV_DEVICEADDED 8 /dev/mixer
SDL_UDEV_DEVICEADDED 8 /dev/snd/pcmC0D0c
SDL_UDEV_DEVICEADDED 8 /dev/snd/pcmC0D0p
SDL_UDEV_DEVICEADDED 8 /dev/snd/controlC0
SDL_UDEV_DEVICEADDED 2 /dev/input/event0
SDL_UDEV_DEVICEADDED 6 /dev/input/event3
SDL_UDEV_DEVICEADDED 6 /dev/input/js0
SDL_UDEV_DEVICEADDED 8 /dev/snd/seq
SDL_UDEV_DEVICEADDED 8 /dev/sequencer
SDL_UDEV_DEVICEADDED 8 /dev/sequencer2
SDL_UDEV_DEVICEADDED 8 /dev/snd/timer
[INFO] Core_open
[INFO] presentation-drop: disabled
[INFO] OptionList_init
[INFO] core: picodrive version: PicoDrive (2.05-9e01117) tag: MD (valid_extensions: bin|gen|smd|md|32x|cue|iso|chd|m3u|sms|gg|sg|sc|68k|sgd|pco|vgm|vgz need_fullpath: 1)
[INFO] Game_open
[INFO] Config_load
[INFO] config.device_tag brick
[INFO] usng device_system_path: /mnt/SDCARD/.system/tg5040/system-brick.cfg
[INFO] Config_getPath /mnt/SDCARD/.userdata/tg5040/MD-picodrive/Sonic The Hedgehog.md-brick.cfg
[INFO] Config_getPath /mnt/SDCARD/.userdata/tg5040/MD-picodrive/minarch-brick.cfg
[INFO] Config_init
[INFO] 	bind Up (UP) 0:4
[INFO] 	bind Down (DOWN) 1:5
[INFO] 	bind Left (LEFT) 2:6
[INFO] 	bind Right (RIGHT) 3:7
[INFO] 	bind Mode (SELECT) 9:2
[INFO] 	bind Start (START) 8:3
[INFO] 	bind A Button (Y) 7:1
[INFO] 	bind B Button (X) 6:0
[INFO] 	bind C Button (A) 4:8
[INFO] 	bind X Button (B) 5:10
[INFO] 	bind Y Button (L1) 10:9
[INFO] 	bind Z Button (R1) 11:11
[INFO] Config_readOptions
[INFO] resizeVideo(1024,768,2048) hard_scale: 1 crisp: 1
[INFO] Config_readOptions
[INFO] Core_init
[INFO] Core_load
[INFO] game path: /mnt/SDCARD/Roms/5) Sega Genesis (MD)/Sonic The Hedgehog.md (0)
[INFO] 00000:000: couldn't open carthw.cfg!
FM polyphase FIR ratio=39/44 error=0.074%
[INFO] 00000:000: sram: 200000 - 203fff; eeprom: 0
[INFO] Input_init
---------------------------------
PRESENT    : D-Pad Left
PRESENT    : D-Pad Up
PRESENT    : D-Pad Down
PRESENT    : D-Pad Right
PRESENT    : B
PRESENT    : C
PRESENT    : Y
PRESENT    : A
PRESENT    : X
PRESENT    : Z
PRESENT    : Mode
PRESENT    : Start
---------------------------------
[INFO] DEFAULT D-Pad Up (Up): <UP>
[INFO] DEFAULT D-Pad Down (Down): <DOWN>
[INFO] DEFAULT D-Pad Left (Left): <LEFT>
[INFO] DEFAULT D-Pad Right (Right): <RIGHT>
[INFO] DEFAULT C (A Button): <A>
[INFO] DEFAULT B (B Button): <B>
[INFO] DEFAULT Y (X Button): <X>
[INFO] DEFAULT A (Y Button): <Y>
[INFO] DEFAULT Start (Start): <START>
[INFO] DEFAULT Mode (Select): <SELECT>
[INFO] DEFAULT X (L1 Button): <L1>
[INFO] DEFAULT Z (R1 Button): <R1>
[INFO] DEFAULT (null) (L2 Button): <L2>
[INFO] DEFAULT (null) (R2 Button): <R2>
[INFO] DEFAULT (null) (L3 Button): <L3>
[INFO] DEFAULT (null) (R3 Button): <R3>
---------------------------------
[INFO] Up: <UP> (0:4)
[INFO] Down: <DOWN> (1:5)
[INFO] Left: <LEFT> (2:6)
[INFO] Right: <RIGHT> (3:7)
[INFO] Mode: <SELECT> (9:2)
[INFO] Start: <START> (8:3)
[INFO] A Button: <Y> (7:1)
[INFO] B Button: <X> (6:0)
[INFO] C Button: <A> (4:8)
[INFO] X Button: <B> (5:10)
[INFO] Y Button: <L1> (10:9)
[INFO] Z Button: <R1> (11:11)
---------------------------------
sav path (read): /mnt/SDCARD/Saves/MD/Sonic The Hedgehog.md.sav
[INFO] aspect_ratio: 1.333333 (320x240) fps: 60.000000
[INFO] Config_readOptions
[INFO] Config_readOptions
[INFO] Config_readControlsString
[INFO] SND_init
[INFO] Available audio drivers:
[INFO] - alsa
[INFO] - dsp
[INFO] - disk
[INFO] - dummy
[INFO] Current audio driver: alsa
[INFO] sample rate: 44100 (req) 44100 (rec) [samples 512]
[INFO] rate match: +3917ppm -> 60.235 fps target (core 60.0000)
Simple mixer control 'Headphone',0
  Capabilities: volume volume-joined pswitch pswitch-joined
  Playback channels: Mono
  Capture channels: Mono
  Limits: 0 - 7
  Mono: 0 [0%] [-42.00dB] Playback [on]
Simple mixer control 'digital volume',0
  Capabilities: volume volume-joined
  Playback channels: Mono
  Capture channels: Mono
  Limits: 0 - 63
  Mono: 0 [0%]
Simple mixer control 'DAC Swap',0
  Capabilities: enum
  Items: 'Off' 'On'
  Item0: 'Off'
SetRawVolume(45)
SetRawBrightness(16)
[INFO] loop path: serial (auto-thread=0)
[INFO] uv: hold thread started (transition-gated, holding 1012500uV)
[INFO] governor: OPP ladder [408000 600000 816000 1008000 1200000 1416000 1608000 1800000 2000000 ] (9 entries)
[INFO] governor: f_min=600000 f_max=1416000 kHz
[INFO] selectScaler
[INFO] aspect: 1.428571
[INFO] resizeVideo(1280,961,2560) hard_scale: 1 crisp: 1
[INFO] resize: platform clamped dst_h 961 -> 768
[INFO] resizeVideo(320,224,640) hard_scale: 4 crisp: 1
[INFO] MEASURE d=1 fps=70.2/60.0 cpu=70.2 use=0 under/s=0 dup/s=0 ceil=1416 dac=?
[INFO] MEASURE d=1 fps=59.2/60.0 cpu=59.2 use=11 under/s=0 dup/s=0 ceil=1416 dac=?
[INFO] gov: ceil 1416000->1200000 kHz (temp=33C, signal=0 gen=59.2/60.2)
[INFO] MEASURE d=1 fps=59.9/60.0 cpu=59.9 use=10 under/s=0 dup/s=0 ceil=1200 dac=?
[INFO] MEASURE d=1 fps=60.6/60.0 cpu=60.6 use=9 under/s=0 dup/s=0 ceil=1200 dac=?
[INFO] gov: ceil 1200000->1008000 kHz (temp=32C, signal=0 gen=60.6/60.2)
[INFO] MEASURE d=1 fps=60.5/60.0 cpu=60.5 use=11 under/s=0 dup/s=0 ceil=1008 dac=?
[INFO] MEASURE d=1 fps=59.8/60.0 cpu=59.8 use=10 under/s=0 dup/s=0 ceil=1008 dac=?
[INFO] gov: ceil 1008000->816000 kHz (temp=32C, signal=0 gen=59.8/60.2)
[INFO] MEASURE d=1 fps=61.7/60.0 cpu=61.7 use=10 under/s=0 dup/s=0 ceil=816 dac=?
[INFO] MEASURE d=1 fps=59.3/60.0 cpu=59.3 use=10 under/s=0 dup/s=0 ceil=816 dac=?
[INFO] gov: ceil 816000->600000 kHz (temp=32C, signal=0 gen=59.3/60.2)
[INFO] MEASURE d=1 fps=59.7/60.0 cpu=59.7 use=10 under/s=0 dup/s=0 ceil=600 dac=?
[INFO] MEASURE d=1 fps=60.3/60.0 cpu=60.3 use=14 under/s=0 dup/s=0 ceil=600 dac=?
[INFO] MEASURE d=1 fps=60.2/60.0 cpu=60.2 use=14 under/s=0 dup/s=0 ceil=600 dac=?
[INFO] MEASURE d=1 fps=60.2/60.0 cpu=60.2 use=12 under/s=0 dup/s=0 ceil=600 dac=?
[INFO] MEASURE d=1 fps=60.2/60.0 cpu=60.2 use=14 under/s=0 dup/s=0 ceil=600 dac=?
[INFO] MEASURE d=1 fps=60.3/60.0 cpu=60.3 use=14 under/s=0 dup/s=0 ceil=600 dac=?
[INFO] MEASURE d=1 fps=60.2/60.0 cpu=60.2 use=14 under/s=0 dup/s=0 ceil=600 dac=?
[INFO] MEASURE d=1 fps=60.5/60.0 cpu=60.5 use=12 under/s=0 dup/s=0 ceil=600 dac=?
[INFO] MEASURE d=1 fps=60.5/60.0 cpu=60.5 use=10 under/s=0 dup/s=0 ceil=600 dac=?
[INFO] MEASURE d=1 fps=60.5/60.0 cpu=60.5 use=12 under/s=0 dup/s=0 ceil=600 dac=?
[INFO] MEASURE d=1 fps=59.2/60.0 cpu=59.2 use=13 under/s=0 dup/s=0 ceil=600 dac=?
[INFO] MEASURE d=1 fps=59.6/60.0 cpu=59.6 use=14 under/s=0 dup/s=0 ceil=600 dac=?
[INFO] MEASURE d=1 fps=61.0/60.0 cpu=61.0 use=14 under/s=0 dup/s=0 ceil=600 dac=?
[INFO] MEASURE d=1 fps=60.2/60.0 cpu=60.2 use=15 under/s=0 dup/s=0 ceil=600 dac=?
[INFO] MEASURE d=1 fps=60.3/60.0 cpu=60.3 use=15 under/s=0 dup/s=0 ceil=600 dac=?
[INFO] MEASURE d=1 fps=59.8/60.0 cpu=59.8 use=15 under/s=0 dup/s=0 ceil=600 dac=?
[INFO] MEASURE d=1 fps=60.5/60.0 cpu=60.5 use=15 under/s=0 dup/s=0 ceil=600 dac=?
[INFO] MEASURE d=1 fps=60.3/60.0 cpu=60.3 use=16 under/s=0 dup/s=0 ceil=600 dac=?
[INFO] MEASURE d=1 fps=60.3/60.0 cpu=60.3 use=15 under/s=0 dup/s=0 ceil=600 dac=?
[INFO] MEASURE d=1 fps=59.7/60.0 cpu=59.7 use=14 under/s=0 dup/s=0 ceil=600 dac=?
[INFO] MEASURE d=1 fps=60.8/60.0 cpu=60.8 use=14 under/s=0 dup/s=0 ceil=600 dac=?
[INFO] MEASURE d=1 fps=59.8/60.0 cpu=59.8 use=15 under/s=0 dup/s=0 ceil=600 dac=?
[INFO] MEASURE d=1 fps=60.5/60.0 cpu=60.5 use=14 under/s=0 dup/s=0 ceil=600 dac=?
[INFO] MEASURE d=1 fps=60.3/60.0 cpu=60.3 use=14 under/s=0 dup/s=0 ceil=600 dac=?
[INFO] MEASURE d=1 fps=60.2/60.0 cpu=60.2 use=15 under/s=0 dup/s=0 ceil=600 dac=?
[INFO] MEASURE d=1 fps=59.7/60.0 cpu=59.7 use=15 under/s=0 dup/s=0 ceil=600 dac=?
[INFO] MEASURE d=1 fps=60.5/60.0 cpu=60.5 use=15 under/s=0 dup/s=0 ceil=600 dac=?
[INFO] MEASURE d=1 fps=60.5/60.0 cpu=60.5 use=15 under/s=0 dup/s=0 ceil=600 dac=?
[INFO] MEASURE d=1 fps=60.3/60.0 cpu=60.3 use=13 under/s=0 dup/s=0 ceil=600 dac=?
[INFO] MEASURE d=1 fps=59.6/60.0 cpu=59.6 use=14 under/s=0 dup/s=0 ceil=600 dac=?
[INFO] audio servo: armed (static +3917ppm, setpoint 75%, rail +-20000ppm, smooth 4 ticks)
[INFO] MEASURE d=1 fps=59.9/60.0 cpu=59.9 use=14 under/s=0 dup/s=0 ceil=600 dac=?
[INFO] MEASURE d=1 fps=60.2/60.0 cpu=60.2 use=17 under/s=0 dup/s=0 ceil=600 dac=?
[INFO] MEASURE d=1 fps=60.3/60.0 cpu=60.3 use=15 under/s=0 dup/s=0 ceil=600 dac=?
[INFO] MEASURE d=1 fps=60.2/60.0 cpu=60.2 use=15 under/s=0 dup/s=0 ceil=600 dac=?
[INFO] MEASURE d=1 fps=60.2/60.0 cpu=60.2 use=16 under/s=0 dup/s=0 ceil=600 dac=?
[INFO] MEASURE d=1 fps=60.2/60.0 cpu=60.2 use=15 under/s=0 dup/s=0 ceil=600 dac=?
[INFO] MEASURE d=1 fps=60.3/60.0 cpu=60.3 use=16 under/s=0 dup/s=0 ceil=600 dac=?
[INFO] MEASURE d=1 fps=60.2/60.0 cpu=60.2 use=16 under/s=0 dup/s=0 ceil=600 dac=?
[INFO] MEASURE d=1 fps=60.2/60.0 cpu=60.2 use=16 under/s=0 dup/s=0 ceil=600 dac=?
[INFO] MEASURE d=1 fps=60.2/60.0 cpu=60.2 use=16 under/s=0 dup/s=0 ceil=600 dac=?
[INFO] MEASURE d=1 fps=61.8/60.0 cpu=61.8 use=14 under/s=0 dup/s=0 ceil=600 dac=?
[INFO] MEASURE d=1 fps=59.6/60.0 cpu=59.6 use=12 under/s=0 dup/s=0 ceil=600 dac=?
[INFO] MEASURE d=1 fps=60.0/60.0 cpu=60.0 use=9 under/s=0 dup/s=0 ceil=600 dac=?
[INFO] MEASURE d=1 fps=61.0/60.0 cpu=61.0 use=10 under/s=0 dup/s=0 ceil=600 dac=?
[INFO] MEASURE d=1 fps=60.5/60.0 cpu=60.5 use=10 under/s=0 dup/s=0 ceil=600 dac=?
[INFO] MEASURE d=1 fps=59.4/60.0 cpu=59.4 use=9 under/s=0 dup/s=0 ceil=600 dac=?
[INFO] MEASURE d=1 fps=61.9/60.0 cpu=61.9 use=12 under/s=0 dup/s=0 ceil=600 dac=?
[INFO] MEASURE d=1 fps=58.6/60.0 cpu=58.6 use=9 under/s=0 dup/s=0 ceil=600 dac=?
[INFO] gov: ceil 600000->816000 kHz (temp=32C, signal=1 gen=58.6/60.2)
[INFO] gov: ceil 816000->1416000 kHz (temp=32C, signal=1 gen=58.6/60.2)
[INFO] MEASURE d=1 fps=60.2/60.0 cpu=60.2 use=11 under/s=0 dup/s=0 ceil=1416 dac=?
[INFO] MEASURE d=1 fps=60.2/60.0 cpu=60.2 use=9 under/s=0 dup/s=0 ceil=1416 dac=?
[INFO] gov: ceil 1416000->1200000 kHz (temp=34C, signal=0 gen=60.2/60.2)
[INFO] MEASURE d=1 fps=60.3/60.0 cpu=60.3 use=12 under/s=0 dup/s=0 ceil=1200 dac=?
[INFO] MEASURE d=1 fps=60.2/60.0 cpu=60.2 use=11 under/s=0 dup/s=0 ceil=1200 dac=?
[INFO] servo-stats: adj=+314ppm occ=96% held=102/120 underruns=0
[INFO] gov: ceil 1200000->1008000 kHz (temp=34C, signal=0 gen=60.2/60.2)
[INFO] gov-cap: at-ceil 79/122 ticks ceil=1008000 actual=816000 kHz
[INFO] MEASURE d=1 fps=60.2/60.0 cpu=60.2 use=10 under/s=0 dup/s=0 ceil=1008 dac=?
[INFO] MEASURE d=1 fps=60.3/60.0 cpu=60.3 use=11 under/s=0 dup/s=0 ceil=1008 dac=?
[INFO] MEASURE d=1 fps=60.2/60.0 cpu=60.2 use=11 under/s=0 dup/s=0 ceil=1008 dac=?
[INFO] MEASURE d=1 fps=60.2/60.0 cpu=60.2 use=11 under/s=0 dup/s=0 ceil=1008 dac=?
[INFO] MEASURE d=1 fps=61.0/60.0 cpu=61.0 use=11 under/s=0 dup/s=0 ceil=1008 dac=?
[INFO] MEASURE d=1 fps=59.2/60.0 cpu=59.2 use=10 under/s=0 dup/s=0 ceil=1008 dac=?
[INFO] MEASURE d=1 fps=60.5/60.0 cpu=60.5 use=10 under/s=0 dup/s=0 ceil=1008 dac=?
[INFO] MEASURE d=1 fps=59.9/60.0 cpu=59.9 use=12 under/s=0 dup/s=0 ceil=1008 dac=?
[INFO] MEASURE d=1 fps=60.5/60.0 cpu=60.5 use=12 under/s=0 dup/s=0 ceil=1008 dac=?
[INFO] MEASURE d=1 fps=60.3/60.0 cpu=60.3 use=12 under/s=0 dup/s=0 ceil=1008 dac=?
[INFO] MEASURE d=1 fps=60.2/60.0 cpu=60.2 use=11 under/s=0 dup/s=0 ceil=1008 dac=?
[INFO] MEASURE d=1 fps=60.3/60.0 cpu=60.3 use=13 under/s=0 dup/s=0 ceil=1008 dac=?
[INFO] MEASURE d=1 fps=60.2/60.0 cpu=60.2 use=12 under/s=0 dup/s=0 ceil=1008 dac=?
[INFO] MEASURE d=1 fps=60.2/60.0 cpu=60.2 use=11 under/s=0 dup/s=0 ceil=1008 dac=?
[INFO] MEASURE d=1 fps=60.2/60.0 cpu=60.2 use=13 under/s=0 dup/s=0 ceil=1008 dac=?
[INFO] MEASURE d=1 fps=60.3/60.0 cpu=60.3 use=11 under/s=0 dup/s=0 ceil=1008 dac=?
[INFO] MEASURE d=1 fps=60.2/60.0 cpu=60.2 use=12 under/s=0 dup/s=0 ceil=1008 dac=?
[INFO] MEASURE d=1 fps=60.2/60.0 cpu=60.2 use=11 under/s=0 dup/s=0 ceil=1008 dac=?
[INFO] MEASURE d=1 fps=60.2/60.0 cpu=60.2 use=12 under/s=0 dup/s=0 ceil=1008 dac=?
[INFO] MEASURE d=1 fps=60.3/60.0 cpu=60.3 use=11 under/s=0 dup/s=0 ceil=1008 dac=?
[INFO] MEASURE d=1 fps=60.2/60.0 cpu=60.2 use=12 under/s=0 dup/s=0 ceil=1008 dac=?
[INFO] MEASURE d=1 fps=60.2/60.0 cpu=60.2 use=12 under/s=0 dup/s=0 ceil=1008 dac=?
[INFO] MEASURE d=1 fps=60.2/60.0 cpu=60.2 use=12 under/s=0 dup/s=0 ceil=1008 dac=?
[INFO] MEASURE d=1 fps=60.3/60.0 cpu=60.3 use=11 under/s=0 dup/s=0 ceil=1008 dac=?
[INFO] MEASURE d=1 fps=60.2/60.0 cpu=60.2 use=12 under/s=0 dup/s=0 ceil=1008 dac=?
[INFO] MEASURE d=1 fps=60.2/60.0 cpu=60.2 use=11 under/s=0 dup/s=0 ceil=1008 dac=?
[INFO] MEASURE d=1 fps=60.3/60.0 cpu=60.3 use=11 under/s=0 dup/s=0 ceil=1008 dac=?
[INFO] MEASURE d=1 fps=60.3/60.0 cpu=60.3 use=12 under/s=0 dup/s=0 ceil=1008 dac=?
[INFO] MEASURE d=1 fps=60.2/60.0 cpu=60.2 use=12 under/s=0 dup/s=0 ceil=1008 dac=?
[INFO] MEASURE d=1 fps=60.2/60.0 cpu=60.2 use=12 under/s=0 dup/s=0 ceil=1008 dac=?
[INFO] MEASURE d=1 fps=60.2/60.0 cpu=60.2 use=13 under/s=0 dup/s=0 ceil=1008 dac=?
[INFO] MEASURE d=1 fps=60.3/60.0 cpu=60.3 use=11 under/s=0 dup/s=0 ceil=1008 dac=?
[INFO] MEASURE d=1 fps=60.2/60.0 cpu=60.2 use=13 under/s=0 dup/s=0 ceil=1008 dac=?
[INFO] MEASURE d=1 fps=60.2/60.0 cpu=60.2 use=12 under/s=0 dup/s=0 ceil=1008 dac=?
[INFO] MEASURE d=1 fps=60.2/60.0 cpu=60.2 use=13 under/s=0 dup/s=0 ceil=1008 dac=?
[INFO] MEASURE d=1 fps=60.3/60.0 cpu=60.3 use=12 under/s=0 dup/s=0 ceil=1008 dac=?
[INFO] MEASURE d=1 fps=60.2/60.0 cpu=60.2 use=12 under/s=0 dup/s=0 ceil=1008 dac=?
[INFO] MEASURE d=1 fps=61.4/60.0 cpu=61.4 use=12 under/s=0 dup/s=0 ceil=1008 dac=?
[INFO] MEASURE d=1 fps=59.1/60.0 cpu=59.1 use=10 under/s=0 dup/s=0 ceil=1008 dac=?
[INFO] MEASURE d=1 fps=61.9/60.0 cpu=61.9 use=11 under/s=0 dup/s=0 ceil=1008 dac=?
[INFO] MEASURE d=1 fps=59.3/60.0 cpu=59.3 use=9 under/s=0 dup/s=0 ceil=1008 dac=?
[INFO] MEASURE d=1 fps=60.4/60.0 cpu=60.4 use=9 under/s=0 dup/s=0 ceil=1008 dac=?
[INFO] MEASURE d=1 fps=59.6/60.0 cpu=59.6 use=10 under/s=0 dup/s=0 ceil=1008 dac=?
[INFO] MEASURE d=1 fps=60.5/60.0 cpu=60.5 use=10 under/s=0 dup/s=0 ceil=1008 dac=?
[INFO] MEASURE d=1 fps=60.5/60.0 cpu=60.5 use=10 under/s=0 dup/s=0 ceil=1008 dac=?
[INFO] MEASURE d=1 fps=59.6/60.0 cpu=59.6 use=9 under/s=0 dup/s=0 ceil=1008 dac=?
[INFO] MEASURE d=1 fps=59.9/60.0 cpu=59.9 use=12 under/s=0 dup/s=0 ceil=1008 dac=?
[INFO] MEASURE d=1 fps=60.3/60.0 cpu=60.3 use=11 under/s=0 dup/s=0 ceil=1008 dac=?
[INFO] MEASURE d=1 fps=60.2/60.0 cpu=60.2 use=11 under/s=0 dup/s=0 ceil=1008 dac=?
[INFO] MEASURE d=1 fps=60.2/60.0 cpu=60.2 use=11 under/s=0 dup/s=0 ceil=1008 dac=?
[INFO] MEASURE d=1 fps=60.2/60.0 cpu=60.2 use=11 under/s=0 dup/s=0 ceil=1008 dac=?
[INFO] MEASURE d=1 fps=60.3/60.0 cpu=60.3 use=10 under/s=0 dup/s=0 ceil=1008 dac=?
[INFO] MEASURE d=1 fps=60.2/60.0 cpu=60.2 use=11 under/s=0 dup/s=0 ceil=1008 dac=?
[INFO] MEASURE d=1 fps=61.2/60.0 cpu=61.2 use=9 under/s=0 dup/s=0 ceil=1008 dac=?
[INFO] MEASURE d=1 fps=59.6/60.0 cpu=59.6 use=10 under/s=0 dup/s=0 ceil=1008 dac=?
[INFO] gov: ceil 1008000->816000 kHz (temp=33C, signal=0 gen=59.6/60.2)
[INFO] MEASURE d=1 fps=60.8/60.0 cpu=60.8 use=12 under/s=0 dup/s=0 ceil=816 dac=?
[INFO] MEASURE d=1 fps=59.3/60.0 cpu=59.3 use=11 under/s=0 dup/s=0 ceil=816 dac=?
[INFO] gov: ceil 816000->600000 kHz (temp=33C, signal=0 gen=59.3/60.2)
[INFO] MEASURE d=1 fps=60.2/60.0 cpu=60.2 use=13 under/s=0 dup/s=0 ceil=600 dac=?
[INFO] MEASURE d=1 fps=60.3/60.0 cpu=60.3 use=15 under/s=0 dup/s=0 ceil=600 dac=?
[INFO] servo-stats: adj=+314ppm occ=84% held=121/120 underruns=0
[INFO] MEASURE d=1 fps=60.2/60.0 cpu=60.2 use=16 under/s=0 dup/s=0 ceil=600 dac=?
[INFO] gov-cap: at-ceil 37/121 ticks ceil=600000 actual=600000 kHz
[INFO] MEASURE d=1 fps=60.2/60.0 cpu=60.2 use=15 under/s=0 dup/s=0 ceil=600 dac=?
[INFO] MEASURE d=1 fps=60.2/60.0 cpu=60.2 use=14 under/s=0 dup/s=0 ceil=600 dac=?
[INFO] MEASURE d=1 fps=60.3/60.0 cpu=60.3 use=15 under/s=0 dup/s=0 ceil=600 dac=?
[INFO] MEASURE d=1 fps=60.2/60.0 cpu=60.2 use=15 under/s=0 dup/s=0 ceil=600 dac=?
[INFO] MEASURE d=1 fps=60.1/60.0 cpu=60.1 use=15 under/s=0 dup/s=0 ceil=600 dac=?
[INFO] MEASURE d=1 fps=60.4/60.0 cpu=60.4 use=15 under/s=0 dup/s=0 ceil=600 dac=?
[INFO] MEASURE d=1 fps=60.2/60.0 cpu=60.2 use=14 under/s=0 dup/s=0 ceil=600 dac=?
[INFO] MEASURE d=1 fps=60.2/60.0 cpu=60.2 use=16 under/s=0 dup/s=0 ceil=600 dac=?
[INFO] MEASURE d=1 fps=60.2/60.0 cpu=60.2 use=14 under/s=0 dup/s=0 ceil=600 dac=?
[INFO] MEASURE d=1 fps=60.3/60.0 cpu=60.3 use=15 under/s=0 dup/s=0 ceil=600 dac=?
[INFO] MEASURE d=1 fps=60.2/60.0 cpu=60.2 use=14 under/s=0 dup/s=0 ceil=600 dac=?
[INFO] MEASURE d=1 fps=60.2/60.0 cpu=60.2 use=14 under/s=0 dup/s=0 ceil=600 dac=?
[INFO] MEASURE d=1 fps=60.2/60.0 cpu=60.2 use=15 under/s=0 dup/s=0 ceil=600 dac=?
[INFO] MEASURE d=1 fps=60.5/60.0 cpu=60.5 use=13 under/s=0 dup/s=0 ceil=600 dac=?
[INFO] MEASURE d=1 fps=60.9/60.0 cpu=60.9 use=14 under/s=0 dup/s=0 ceil=600 dac=?
[INFO] MEASURE d=1 fps=59.3/60.0 cpu=59.3 use=12 under/s=0 dup/s=0 ceil=600 dac=?
[INFO] MEASURE d=1 fps=60.7/60.0 cpu=60.7 use=13 under/s=0 dup/s=0 ceil=600 dac=?
[INFO] MEASURE d=1 fps=60.0/60.0 cpu=60.0 use=11 under/s=0 dup/s=0 ceil=600 dac=?
[INFO] MEASURE d=1 fps=59.9/60.0 cpu=59.9 use=12 under/s=0 dup/s=0 ceil=600 dac=?
[INFO] MEASURE d=1 fps=60.6/60.0 cpu=60.6 use=12 under/s=0 dup/s=0 ceil=600 dac=?
[INFO] MEASURE d=1 fps=59.7/60.0 cpu=59.7 use=13 under/s=0 dup/s=0 ceil=600 dac=?
[INFO] MEASURE d=1 fps=60.3/60.0 cpu=60.3 use=13 under/s=0 dup/s=0 ceil=600 dac=?
[INFO] MEASURE d=1 fps=60.2/60.0 cpu=60.2 use=14 under/s=0 dup/s=0 ceil=600 dac=?
[INFO] MEASURE d=1 fps=60.2/60.0 cpu=60.2 use=15 under/s=0 dup/s=0 ceil=600 dac=?
[INFO] MEASURE d=1 fps=60.2/60.0 cpu=60.2 use=16 under/s=0 dup/s=0 ceil=600 dac=?
[INFO] MEASURE d=1 fps=60.7/60.0 cpu=60.7 use=15 under/s=0 dup/s=0 ceil=600 dac=?
[INFO] MEASURE d=1 fps=59.8/60.0 cpu=59.8 use=11 under/s=0 dup/s=0 ceil=600 dac=?
[INFO] MEASURE d=1 fps=60.9/60.0 cpu=60.9 use=10 under/s=0 dup/s=0 ceil=600 dac=?
[INFO] MEASURE d=1 fps=60.5/60.0 cpu=60.5 use=10 under/s=0 dup/s=0 ceil=600 dac=?
[INFO] MEASURE d=1 fps=59.6/60.0 cpu=59.6 use=11 under/s=0 dup/s=0 ceil=600 dac=?
[INFO] MEASURE d=1 fps=59.9/60.0 cpu=59.9 use=9 under/s=0 dup/s=0 ceil=600 dac=?
[INFO] MEASURE d=1 fps=60.8/60.0 cpu=60.8 use=10 under/s=0 dup/s=0 ceil=600 dac=?
[INFO] MEASURE d=1 fps=59.7/60.0 cpu=59.7 use=9 under/s=0 dup/s=0 ceil=600 dac=?
[INFO] MEASURE d=1 fps=60.2/60.0 cpu=60.2 use=11 under/s=0 dup/s=0 ceil=600 dac=?
[INFO] MEASURE d=1 fps=60.3/60.0 cpu=60.3 use=12 under/s=0 dup/s=0 ceil=600 dac=?
[INFO] MEASURE d=1 fps=60.2/60.0 cpu=60.2 use=13 under/s=0 dup/s=0 ceil=600 dac=?
[INFO] MEASURE d=1 fps=60.2/60.0 cpu=60.2 use=13 under/s=0 dup/s=0 ceil=600 dac=?
[INFO] MEASURE d=1 fps=60.3/60.0 cpu=60.3 use=14 under/s=0 dup/s=0 ceil=600 dac=?
[INFO] MEASURE d=1 fps=60.2/60.0 cpu=60.2 use=14 under/s=0 dup/s=0 ceil=600 dac=?
[INFO] MEASURE d=1 fps=60.2/60.0 cpu=60.2 use=14 under/s=0 dup/s=0 ceil=600 dac=?
[INFO] MEASURE d=1 fps=60.2/60.0 cpu=60.2 use=13 under/s=0 dup/s=0 ceil=600 dac=?
[INFO] MEASURE d=1 fps=60.2/60.0 cpu=60.2 use=9 under/s=0 dup/s=0 ceil=600 dac=?
[INFO] MEASURE d=1 fps=60.3/60.0 cpu=60.3 use=14 under/s=0 dup/s=0 ceil=600 dac=?
[INFO] MEASURE d=1 fps=60.2/60.0 cpu=60.2 use=15 under/s=0 dup/s=0 ceil=600 dac=?
[INFO] MEASURE d=1 fps=60.2/60.0 cpu=60.2 use=17 under/s=0 dup/s=0 ceil=600 dac=?
[INFO] MEASURE d=1 fps=60.2/60.0 cpu=60.2 use=16 under/s=0 dup/s=0 ceil=600 dac=?
[INFO] MEASURE d=1 fps=60.3/60.0 cpu=60.3 use=15 under/s=0 dup/s=0 ceil=600 dac=?
[INFO] MEASURE d=1 fps=60.2/60.0 cpu=60.2 use=16 under/s=0 dup/s=0 ceil=600 dac=?
[INFO] MEASURE d=1 fps=60.2/60.0 cpu=60.2 use=15 under/s=0 dup/s=0 ceil=600 dac=?
[INFO] MEASURE d=1 fps=60.3/60.0 cpu=60.3 use=15 under/s=0 dup/s=0 ceil=600 dac=?
[INFO] MEASURE d=1 fps=60.2/60.0 cpu=60.2 use=15 under/s=0 dup/s=0 ceil=600 dac=?
[INFO] MEASURE d=1 fps=60.2/60.0 cpu=60.2 use=15 under/s=0 dup/s=0 ceil=600 dac=?
[INFO] MEASURE d=1 fps=60.2/60.0 cpu=60.2 use=15 under/s=0 dup/s=0 ceil=600 dac=?
[INFO] MEASURE d=1 fps=60.3/60.0 cpu=60.3 use=15 under/s=0 dup/s=0 ceil=600 dac=?
[INFO] MEASURE d=1 fps=60.1/60.0 cpu=60.1 use=16 under/s=0 dup/s=0 ceil=600 dac=?
[INFO] MEASURE d=1 fps=60.6/60.0 cpu=60.6 use=15 under/s=0 dup/s=0 ceil=600 dac=?
[INFO] MEASURE d=1 fps=59.9/60.0 cpu=59.9 use=14 under/s=0 dup/s=0 ceil=600 dac=?
[INFO] MEASURE d=1 fps=60.2/60.0 cpu=60.2 use=16 under/s=0 dup/s=0 ceil=600 dac=?
[INFO] MEASURE d=1 fps=60.2/60.0 cpu=60.2 use=15 under/s=0 dup/s=0 ceil=600 dac=?
[INFO] servo-stats: adj=+314ppm occ=94% held=121/120 underruns=0
[INFO] gov-cap: at-ceil 99/121 ticks ceil=600000 actual=408000 kHz
[INFO] MEASURE d=1 fps=60.3/60.0 cpu=60.3 use=17 under/s=0 dup/s=0 ceil=600 dac=?
[INFO] MEASURE d=1 fps=60.2/60.0 cpu=60.2 use=16 under/s=0 dup/s=0 ceil=600 dac=?
[INFO] MEASURE d=1 fps=60.2/60.0 cpu=60.2 use=14 under/s=0 dup/s=0 ceil=600 dac=?
[INFO] MEASURE d=1 fps=60.2/60.0 cpu=60.2 use=16 under/s=0 dup/s=0 ceil=600 dac=?
[INFO] MEASURE d=1 fps=60.2/60.0 cpu=60.2 use=15 under/s=0 dup/s=0 ceil=600 dac=?
[INFO] MEASURE d=1 fps=60.3/60.0 cpu=60.3 use=15 under/s=0 dup/s=0 ceil=600 dac=?
[INFO] MEASURE d=1 fps=60.2/60.0 cpu=60.2 use=15 under/s=0 dup/s=0 ceil=600 dac=?
[INFO] MEASURE d=1 fps=60.2/60.0 cpu=60.2 use=12 under/s=0 dup/s=0 ceil=600 dac=?
[INFO] MEASURE d=1 fps=61.5/60.0 cpu=61.5 use=12 under/s=0 dup/s=0 ceil=600 dac=?
[INFO] MEASURE d=1 fps=59.6/60.0 cpu=59.6 use=10 under/s=0 dup/s=0 ceil=600 dac=?
[INFO] MEASURE d=1 fps=60.5/60.0 cpu=60.5 use=12 under/s=0 dup/s=0 ceil=600 dac=?
[INFO] MEASURE d=1 fps=60.5/60.0 cpu=60.5 use=11 under/s=0 dup/s=0 ceil=600 dac=?
[INFO] MEASURE d=1 fps=59.6/60.0 cpu=59.6 use=10 under/s=0 dup/s=0 ceil=600 dac=?
[INFO] MEASURE d=1 fps=60.5/60.0 cpu=60.5 use=10 under/s=0 dup/s=0 ceil=600 dac=?
[INFO] MEASURE d=1 fps=60.5/60.0 cpu=60.5 use=11 under/s=0 dup/s=0 ceil=600 dac=?
[INFO] MEASURE d=1 fps=59.1/60.0 cpu=59.1 use=14 under/s=0 dup/s=0 ceil=600 dac=?
[INFO] MEASURE d=1 fps=60.3/60.0 cpu=60.3 use=14 under/s=0 dup/s=0 ceil=600 dac=?
[INFO] MEASURE d=1 fps=60.2/60.0 cpu=60.2 use=14 under/s=0 dup/s=0 ceil=600 dac=?
[INFO] MEASURE d=1 fps=60.2/60.0 cpu=60.2 use=14 under/s=0 dup/s=0 ceil=600 dac=?
[INFO] MEASURE d=1 fps=60.2/60.0 cpu=60.2 use=14 under/s=0 dup/s=0 ceil=600 dac=?
[INFO] MEASURE d=1 fps=60.3/60.0 cpu=60.3 use=14 under/s=0 dup/s=0 ceil=600 dac=?
[INFO] MEASURE d=1 fps=60.4/60.0 cpu=60.4 use=13 under/s=0 dup/s=0 ceil=600 dac=?
[INFO] MEASURE d=1 fps=60.5/60.0 cpu=60.5 use=12 under/s=0 dup/s=0 ceil=600 dac=?
[INFO] MEASURE d=1 fps=60.4/60.0 cpu=60.4 use=11 under/s=0 dup/s=0 ceil=600 dac=?
[INFO] MEASURE d=1 fps=59.6/60.0 cpu=59.6 use=13 under/s=0 dup/s=0 ceil=600 dac=?
[INFO] MEASURE d=1 fps=61.6/60.0 cpu=61.6 use=13 under/s=0 dup/s=0 ceil=600 dac=?
[INFO] MEASURE d=1 fps=58.9/60.0 cpu=58.9 use=14 under/s=0 dup/s=0 ceil=600 dac=?
[INFO] MEASURE d=1 fps=60.2/60.0 cpu=60.2 use=15 under/s=0 dup/s=0 ceil=600 dac=?
[INFO] MEASURE d=1 fps=60.3/60.0 cpu=60.3 use=16 under/s=0 dup/s=0 ceil=600 dac=?
[INFO] MEASURE d=1 fps=60.2/60.0 cpu=60.2 use=14 under/s=0 dup/s=0 ceil=600 dac=?
[INFO] MEASURE d=1 fps=60.2/60.0 cpu=60.2 use=15 under/s=0 dup/s=0 ceil=600 dac=?
[INFO] MEASURE d=1 fps=60.2/60.0 cpu=60.2 use=16 under/s=0 dup/s=0 ceil=600 dac=?
[INFO] MEASURE d=1 fps=60.3/60.0 cpu=60.3 use=15 under/s=0 dup/s=0 ceil=600 dac=?
[INFO] MEASURE d=1 fps=60.2/60.0 cpu=60.2 use=15 under/s=0 dup/s=0 ceil=600 dac=?
[INFO] MEASURE d=1 fps=60.2/60.0 cpu=60.2 use=16 under/s=0 dup/s=0 ceil=600 dac=?
[INFO] MEASURE d=1 fps=60.2/60.0 cpu=60.2 use=15 under/s=0 dup/s=0 ceil=600 dac=?
[INFO] MEASURE d=1 fps=60.3/60.0 cpu=60.3 use=16 under/s=0 dup/s=0 ceil=600 dac=?
[INFO] MEASURE d=1 fps=60.2/60.0 cpu=60.2 use=15 under/s=0 dup/s=0 ceil=600 dac=?
[INFO] MEASURE d=1 fps=60.2/60.0 cpu=60.2 use=15 under/s=0 dup/s=0 ceil=600 dac=?
[INFO] MEASURE d=1 fps=60.3/60.0 cpu=60.3 use=16 under/s=0 dup/s=0 ceil=600 dac=?
[INFO] MEASURE d=1 fps=60.2/60.0 cpu=60.2 use=16 under/s=0 dup/s=0 ceil=600 dac=?
[INFO] MEASURE d=1 fps=60.2/60.0 cpu=60.2 use=17 under/s=0 dup/s=0 ceil=600 dac=?
[INFO] MEASURE d=1 fps=60.2/60.0 cpu=60.2 use=14 under/s=0 dup/s=0 ceil=600 dac=?
[INFO] MEASURE d=1 fps=60.2/60.0 cpu=60.2 use=15 under/s=0 dup/s=0 ceil=600 dac=?
[INFO] MEASURE d=1 fps=60.3/60.0 cpu=60.3 use=15 under/s=0 dup/s=0 ceil=600 dac=?
[INFO] MEASURE d=1 fps=60.2/60.0 cpu=60.2 use=15 under/s=0 dup/s=0 ceil=600 dac=?
[INFO] MEASURE d=1 fps=60.2/60.0 cpu=60.2 use=15 under/s=0 dup/s=0 ceil=600 dac=?
[INFO] MEASURE d=1 fps=60.2/60.0 cpu=60.2 use=18 under/s=0 dup/s=0 ceil=600 dac=?
[INFO] MEASURE d=1 fps=60.3/60.0 cpu=60.3 use=16 under/s=0 dup/s=0 ceil=600 dac=?
[INFO] MEASURE d=1 fps=60.2/60.0 cpu=60.2 use=16 under/s=0 dup/s=0 ceil=600 dac=?
[INFO] MEASURE d=1 fps=60.2/60.0 cpu=60.2 use=16 under/s=0 dup/s=0 ceil=600 dac=?
[INFO] MEASURE d=1 fps=60.3/60.0 cpu=60.3 use=17 under/s=0 dup/s=0 ceil=600 dac=?
[INFO] MEASURE d=1 fps=60.2/60.0 cpu=60.2 use=16 under/s=0 dup/s=0 ceil=600 dac=?
[INFO] MEASURE d=1 fps=60.2/60.0 cpu=60.2 use=15 under/s=0 dup/s=0 ceil=600 dac=?
[INFO] MEASURE d=1 fps=61.7/60.0 cpu=61.7 use=15 under/s=0 dup/s=0 ceil=600 dac=?
[INFO] MEASURE d=1 fps=59.4/60.0 cpu=59.4 use=11 under/s=0 dup/s=0 ceil=600 dac=?
[INFO] MEASURE d=1 fps=60.2/60.0 cpu=60.2 use=12 under/s=0 dup/s=0 ceil=600 dac=?
[INFO] MEASURE d=1 fps=61.0/60.0 cpu=61.0 use=9 under/s=0 dup/s=0 ceil=600 dac=?
[INFO] MEASURE d=1 fps=59.6/60.0 cpu=59.6 use=10 under/s=0 dup/s=0 ceil=600 dac=?
[INFO] servo-stats: adj=+314ppm occ=83% held=121/120 underruns=0
[INFO] MEASURE d=1 fps=59.6/60.0 cpu=59.6 use=9 under/s=0 dup/s=0 ceil=600 dac=?
[INFO] gov-cap: at-ceil 96/121 ticks ceil=600000 actual=600000 kHz
[INFO] MEASURE d=1 fps=61.8/60.0 cpu=61.8 use=10 under/s=0 dup/s=0 ceil=600 dac=?
[INFO] MEASURE d=1 fps=59.3/60.0 cpu=59.3 use=10 under/s=0 dup/s=0 ceil=600 dac=?
[INFO] MEASURE d=1 fps=59.7/60.0 cpu=59.7 use=11 under/s=0 dup/s=0 ceil=600 dac=?
[INFO] MEASURE d=1 fps=60.1/60.0 cpu=60.1 use=11 under/s=0 dup/s=0 ceil=600 dac=?
[INFO] MEASURE d=1 fps=60.3/60.0 cpu=60.3 use=15 under/s=0 dup/s=0 ceil=600 dac=?
[INFO] MEASURE d=1 fps=60.2/60.0 cpu=60.2 use=15 under/s=0 dup/s=0 ceil=600 dac=?
[INFO] MEASURE d=1 fps=60.2/60.0 cpu=60.2 use=15 under/s=0 dup/s=0 ceil=600 dac=?
[INFO] MEASURE d=1 fps=60.2/60.0 cpu=60.2 use=15 under/s=0 dup/s=0 ceil=600 dac=?
[INFO] MEASURE d=1 fps=60.2/60.0 cpu=60.2 use=14 under/s=0 dup/s=0 ceil=600 dac=?
[INFO] MEASURE d=1 fps=60.2/60.0 cpu=60.2 use=14 under/s=0 dup/s=0 ceil=600 dac=?
[INFO] MEASURE d=1 fps=60.2/60.0 cpu=60.2 use=12 under/s=0 dup/s=0 ceil=600 dac=?
[INFO] MEASURE d=1 fps=60.7/60.0 cpu=60.7 use=12 under/s=0 dup/s=0 ceil=600 dac=?
[INFO] MEASURE d=1 fps=60.5/60.0 cpu=60.5 use=10 under/s=0 dup/s=0 ceil=600 dac=?
[INFO] MEASURE d=1 fps=61.0/60.0 cpu=61.0 use=13 under/s=0 dup/s=0 ceil=600 dac=?
[INFO] MEASURE d=1 fps=58.6/60.0 cpu=58.6 use=14 under/s=0 dup/s=0 ceil=600 dac=?
[INFO] gov: ceil 600000->816000 kHz (temp=34C, signal=1 gen=58.6/60.2)
[INFO] gov: ceil 816000->1416000 kHz (temp=34C, signal=1 gen=58.6/60.2)
[INFO] MEASURE d=1 fps=60.3/60.0 cpu=60.3 use=15 under/s=0 dup/s=0 ceil=1416 dac=?
[INFO] MEASURE d=1 fps=60.2/60.0 cpu=60.2 use=13 under/s=0 dup/s=0 ceil=1416 dac=?
[INFO] gov: ceil 1416000->1200000 kHz (temp=35C, signal=0 gen=60.2/60.2)
[INFO] MEASURE d=1 fps=60.2/60.0 cpu=60.2 use=11 under/s=0 dup/s=0 ceil=1200 dac=?
[INFO] MEASURE d=1 fps=60.2/60.0 cpu=60.2 use=13 under/s=0 dup/s=0 ceil=1200 dac=?
[INFO] gov: ceil 1200000->1008000 kHz (temp=35C, signal=0 gen=60.2/60.2)
[INFO] MEASURE d=1 fps=60.3/60.0 cpu=60.3 use=12 under/s=0 dup/s=0 ceil=1008 dac=?
[INFO] MEASURE d=1 fps=61.2/60.0 cpu=61.2 use=12 under/s=0 dup/s=0 ceil=1008 dac=?
[INFO] MEASURE d=1 fps=59.2/60.0 cpu=59.2 use=11 under/s=0 dup/s=0 ceil=1008 dac=?
[INFO] MEASURE d=1 fps=60.2/60.0 cpu=60.2 use=12 under/s=0 dup/s=0 ceil=1008 dac=?
[INFO] MEASURE d=1 fps=60.2/60.0 cpu=60.2 use=12 under/s=0 dup/s=0 ceil=1008 dac=?
[INFO] MEASURE d=1 fps=60.3/60.0 cpu=60.3 use=12 under/s=0 dup/s=0 ceil=1008 dac=?
[INFO] MEASURE d=1 fps=60.2/60.0 cpu=60.2 use=13 under/s=0 dup/s=0 ceil=1008 dac=?
[INFO] MEASURE d=1 fps=60.2/60.0 cpu=60.2 use=13 under/s=0 dup/s=0 ceil=1008 dac=?
[INFO] MEASURE d=1 fps=60.3/60.0 cpu=60.3 use=12 under/s=0 dup/s=0 ceil=1008 dac=?
[INFO] MEASURE d=1 fps=60.2/60.0 cpu=60.2 use=13 under/s=0 dup/s=0 ceil=1008 dac=?
[INFO] MEASURE d=1 fps=60.2/60.0 cpu=60.2 use=12 under/s=0 dup/s=0 ceil=1008 dac=?
[INFO] MEASURE d=1 fps=60.3/60.0 cpu=60.3 use=11 under/s=0 dup/s=0 ceil=1008 dac=?
[INFO] MEASURE d=1 fps=60.2/60.0 cpu=60.2 use=13 under/s=0 dup/s=0 ceil=1008 dac=?
[INFO] MEASURE d=1 fps=60.2/60.0 cpu=60.2 use=12 under/s=0 dup/s=0 ceil=1008 dac=?
[INFO] MEASURE d=1 fps=60.2/60.0 cpu=60.2 use=13 under/s=0 dup/s=0 ceil=1008 dac=?
[INFO] MEASURE d=1 fps=60.3/60.0 cpu=60.3 use=12 under/s=0 dup/s=0 ceil=1008 dac=?
[INFO] MEASURE d=1 fps=60.2/60.0 cpu=60.2 use=12 under/s=0 dup/s=0 ceil=1008 dac=?
[INFO] MEASURE d=1 fps=60.3/60.0 cpu=60.3 use=13 under/s=0 dup/s=0 ceil=1008 dac=?
[INFO] MEASURE d=1 fps=60.2/60.0 cpu=60.2 use=13 under/s=0 dup/s=0 ceil=1008 dac=?
[INFO] MEASURE d=1 fps=60.3/60.0 cpu=60.3 use=13 under/s=0 dup/s=0 ceil=1008 dac=?
[INFO] MEASURE d=1 fps=61.2/60.0 cpu=61.2 use=11 under/s=0 dup/s=0 ceil=1008 dac=?
[INFO] MEASURE d=1 fps=59.2/60.0 cpu=59.2 use=12 under/s=0 dup/s=0 ceil=1008 dac=?
[INFO] MEASURE d=1 fps=60.2/60.0 cpu=60.2 use=12 under/s=0 dup/s=0 ceil=1008 dac=?
[INFO] MEASURE d=1 fps=60.3/60.0 cpu=60.3 use=12 under/s=0 dup/s=0 ceil=1008 dac=?
[INFO] MEASURE d=1 fps=60.2/60.0 cpu=60.2 use=12 under/s=0 dup/s=0 ceil=1008 dac=?
[INFO] MEASURE d=1 fps=60.2/60.0 cpu=60.2 use=10 under/s=0 dup/s=0 ceil=1008 dac=?
[INFO] MEASURE d=1 fps=60.8/60.0 cpu=60.8 use=8 under/s=0 dup/s=0 ceil=1008 dac=?
[INFO] MEASURE d=1 fps=60.5/60.0 cpu=60.5 use=11 under/s=0 dup/s=0 ceil=1008 dac=?
[INFO] MEASURE d=1 fps=60.5/60.0 cpu=60.5 use=8 under/s=0 dup/s=0 ceil=1008 dac=?
[INFO] MEASURE d=1 fps=59.6/60.0 cpu=59.6 use=10 under/s=0 dup/s=0 ceil=1008 dac=?
[INFO] MEASURE d=1 fps=60.5/60.0 cpu=60.5 use=8 under/s=0 dup/s=0 ceil=1008 dac=?
[INFO] MEASURE d=1 fps=60.5/60.0 cpu=60.5 use=10 under/s=0 dup/s=0 ceil=1008 dac=?
[INFO] MEASURE d=1 fps=59.3/60.0 cpu=59.3 use=11 under/s=0 dup/s=0 ceil=1008 dac=?
[INFO] MEASURE d=1 fps=59.9/60.0 cpu=59.9 use=11 under/s=0 dup/s=0 ceil=1008 dac=?
[INFO] MEASURE d=1 fps=60.3/60.0 cpu=60.3 use=12 under/s=0 dup/s=0 ceil=1008 dac=?
[INFO] MEASURE d=1 fps=60.2/60.0 cpu=60.2 use=11 under/s=0 dup/s=0 ceil=1008 dac=?
[INFO] MEASURE d=1 fps=60.3/60.0 cpu=60.3 use=11 under/s=0 dup/s=0 ceil=1008 dac=?
[INFO] MEASURE d=1 fps=60.2/60.0 cpu=60.2 use=13 under/s=0 dup/s=0 ceil=1008 dac=?
[INFO] MEASURE d=1 fps=60.2/60.0 cpu=60.2 use=13 under/s=0 dup/s=0 ceil=1008 dac=?
[INFO] servo-stats: adj=+314ppm occ=93% held=121/120 underruns=0
[INFO] MEASURE d=1 fps=60.2/60.0 cpu=60.2 use=11 under/s=0 dup/s=0 ceil=1008 dac=?
[INFO] gov-cap: at-ceil 39/121 ticks ceil=1008000 actual=408000 kHz
[INFO] MEASURE d=1 fps=61.0/60.0 cpu=61.0 use=10 under/s=0 dup/s=0 ceil=1008 dac=?
[INFO] MEASURE d=1 fps=60.0/60.0 cpu=60.0 use=9 under/s=0 dup/s=0 ceil=1008 dac=?
[INFO] MEASURE d=1 fps=60.7/60.0 cpu=60.7 use=12 under/s=0 dup/s=0 ceil=1008 dac=?
[INFO] MEASURE d=1 fps=59.2/60.0 cpu=59.2 use=11 under/s=0 dup/s=0 ceil=1008 dac=?
[INFO] MEASURE d=1 fps=60.2/60.0 cpu=60.2 use=13 under/s=0 dup/s=0 ceil=1008 dac=?
[INFO] MEASURE d=1 fps=60.2/60.0 cpu=60.2 use=12 under/s=0 dup/s=0 ceil=1008 dac=?
[INFO] MEASURE d=1 fps=60.3/60.0 cpu=60.3 use=12 under/s=0 dup/s=0 ceil=1008 dac=?
[INFO] MEASURE d=1 fps=60.2/60.0 cpu=60.2 use=13 under/s=0 dup/s=0 ceil=1008 dac=?
[INFO] MEASURE d=1 fps=60.2/60.0 cpu=60.2 use=12 under/s=0 dup/s=0 ceil=1008 dac=?
[INFO] MEASURE d=1 fps=60.3/60.0 cpu=60.3 use=12 under/s=0 dup/s=0 ceil=1008 dac=?
[INFO] MEASURE d=1 fps=60.3/60.0 cpu=60.3 use=12 under/s=0 dup/s=0 ceil=1008 dac=?
[INFO] MEASURE d=1 fps=60.2/60.0 cpu=60.2 use=13 under/s=0 dup/s=0 ceil=1008 dac=?
[INFO] MEASURE d=1 fps=60.2/60.0 cpu=60.2 use=13 under/s=0 dup/s=0 ceil=1008 dac=?
[INFO] MEASURE d=1 fps=60.0/60.0 cpu=60.0 use=12 under/s=0 dup/s=0 ceil=1008 dac=?
[INFO] MEASURE d=1 fps=60.5/60.0 cpu=60.5 use=12 under/s=0 dup/s=0 ceil=1008 dac=?
[INFO] MEASURE d=1 fps=60.3/60.0 cpu=60.3 use=12 under/s=0 dup/s=0 ceil=1008 dac=?
[INFO] MEASURE d=1 fps=60.2/60.0 cpu=60.2 use=12 under/s=0 dup/s=0 ceil=1008 dac=?
[INFO] MEASURE d=1 fps=61.2/60.0 cpu=61.2 use=12 under/s=0 dup/s=0 ceil=1008 dac=?
[INFO] MEASURE d=1 fps=60.2/60.0 cpu=60.2 use=12 under/s=0 dup/s=0 ceil=1008 dac=?
[INFO] MEASURE d=1 fps=60.3/60.0 cpu=60.3 use=11 under/s=0 dup/s=0 ceil=1008 dac=?
[INFO] MEASURE d=1 fps=60.3/60.0 cpu=60.3 use=10 under/s=0 dup/s=0 ceil=1008 dac=?
[INFO] MEASURE d=1 fps=60.9/60.0 cpu=60.9 use=12 under/s=0 dup/s=0 ceil=1008 dac=?
[INFO] MEASURE d=1 fps=59.5/60.0 cpu=59.5 use=12 under/s=0 dup/s=0 ceil=1008 dac=?
[INFO] MEASURE d=1 fps=60.5/60.0 cpu=60.5 use=11 under/s=0 dup/s=0 ceil=1008 dac=?
[INFO] MEASURE d=1 fps=61.0/60.0 cpu=61.0 use=12 under/s=0 dup/s=0 ceil=1008 dac=?
[INFO] MEASURE d=1 fps=59.2/60.0 cpu=59.2 use=10 under/s=0 dup/s=0 ceil=1008 dac=?
[INFO] MEASURE d=1 fps=60.5/60.0 cpu=60.5 use=11 under/s=0 dup/s=0 ceil=1008 dac=?
[INFO] MEASURE d=1 fps=60.9/60.0 cpu=60.9 use=12 under/s=0 dup/s=0 ceil=1008 dac=?
[INFO] MEASURE d=1 fps=59.4/60.0 cpu=59.4 use=10 under/s=0 dup/s=0 ceil=1008 dac=?
[INFO] MEASURE d=1 fps=60.2/60.0 cpu=60.2 use=12 under/s=0 dup/s=0 ceil=1008 dac=?
[INFO] MEASURE d=1 fps=60.2/60.0 cpu=60.2 use=12 under/s=0 dup/s=0 ceil=1008 dac=?
[INFO] MEASURE d=1 fps=60.2/60.0 cpu=60.2 use=13 under/s=0 dup/s=0 ceil=1008 dac=?
[INFO] MEASURE d=1 fps=60.2/60.0 cpu=60.2 use=13 under/s=0 dup/s=0 ceil=1008 dac=?
[INFO] MEASURE d=1 fps=60.3/60.0 cpu=60.3 use=11 under/s=0 dup/s=0 ceil=1008 dac=?
[INFO] MEASURE d=1 fps=61.5/60.0 cpu=61.5 use=10 under/s=0 dup/s=0 ceil=1008 dac=?
[INFO] MEASURE d=1 fps=59.7/60.0 cpu=59.7 use=10 under/s=0 dup/s=0 ceil=1008 dac=?
[INFO] MEASURE d=1 fps=60.5/60.0 cpu=60.5 use=9 under/s=0 dup/s=0 ceil=1008 dac=?
[INFO] MEASURE d=1 fps=59.2/60.0 cpu=59.2 use=11 under/s=0 dup/s=0 ceil=1008 dac=?
[INFO] MEASURE d=1 fps=60.9/60.0 cpu=60.9 use=9 under/s=0 dup/s=0 ceil=1008 dac=?
[INFO] MEASURE d=1 fps=59.5/60.0 cpu=59.5 use=10 under/s=0 dup/s=0 ceil=1008 dac=?
[INFO] MEASURE d=1 fps=60.2/60.0 cpu=60.2 use=11 under/s=0 dup/s=0 ceil=1008 dac=?
[INFO] MEASURE d=1 fps=60.2/60.0 cpu=60.2 use=11 under/s=0 dup/s=0 ceil=1008 dac=?
[INFO] MEASURE d=1 fps=60.3/60.0 cpu=60.3 use=12 under/s=0 dup/s=0 ceil=1008 dac=?
[INFO] MEASURE d=1 fps=60.2/60.0 cpu=60.2 use=12 under/s=0 dup/s=0 ceil=1008 dac=?
[INFO] MEASURE d=1 fps=60.2/60.0 cpu=60.2 use=12 under/s=0 dup/s=0 ceil=1008 dac=?
[INFO] MEASURE d=1 fps=60.2/60.0 cpu=60.2 use=11 under/s=0 dup/s=0 ceil=1008 dac=?
[INFO] MEASURE d=1 fps=60.2/60.0 cpu=60.2 use=13 under/s=0 dup/s=0 ceil=1008 dac=?
[INFO] MEASURE d=1 fps=60.3/60.0 cpu=60.3 use=13 under/s=0 dup/s=0 ceil=1008 dac=?
[INFO] MEASURE d=1 fps=61.3/60.0 cpu=61.3 use=9 under/s=0 dup/s=0 ceil=1008 dac=?
[INFO] MEASURE d=1 fps=59.9/60.0 cpu=59.9 use=11 under/s=0 dup/s=0 ceil=1008 dac=?
[INFO] MEASURE d=1 fps=60.5/60.0 cpu=60.5 use=12 under/s=0 dup/s=0 ceil=1008 dac=?
[INFO] MEASURE d=1 fps=60.2/60.0 cpu=60.2 use=11 under/s=0 dup/s=0 ceil=1008 dac=?
[INFO] MEASURE d=1 fps=60.2/60.0 cpu=60.2 use=13 under/s=0 dup/s=0 ceil=1008 dac=?
[INFO] MEASURE d=1 fps=60.2/60.0 cpu=60.2 use=11 under/s=0 dup/s=0 ceil=1008 dac=?
[INFO] MEASURE d=1 fps=60.3/60.0 cpu=60.3 use=12 under/s=0 dup/s=0 ceil=1008 dac=?
[INFO] MEASURE d=1 fps=60.2/60.0 cpu=60.2 use=12 under/s=0 dup/s=0 ceil=1008 dac=?
[INFO] MEASURE d=1 fps=60.2/60.0 cpu=60.2 use=13 under/s=0 dup/s=0 ceil=1008 dac=?
[INFO] MEASURE d=1 fps=60.2/60.0 cpu=60.2 use=13 under/s=0 dup/s=0 ceil=1008 dac=?
[INFO] MEASURE d=1 fps=60.3/60.0 cpu=60.3 use=13 under/s=0 dup/s=0 ceil=1008 dac=?
[INFO] servo-stats: adj=+1295ppm occ=87% held=103/120 underruns=0
[INFO] MEASURE d=1 fps=60.2/60.0 cpu=60.2 use=12 under/s=0 dup/s=0 ceil=1008 dac=?
[INFO] gov-cap: at-ceil 25/121 ticks ceil=1008000 actual=1008000 kHz
[INFO] MEASURE d=1 fps=60.2/60.0 cpu=60.2 use=13 under/s=0 dup/s=0 ceil=1008 dac=?
[INFO] MEASURE d=1 fps=61.9/60.0 cpu=61.9 use=13 under/s=0 dup/s=0 ceil=1008 dac=?
[INFO] MEASURE d=1 fps=59.5/60.0 cpu=59.5 use=13 under/s=0 dup/s=0 ceil=1008 dac=?
[INFO] MEASURE d=1 fps=60.3/60.0 cpu=60.3 use=12 under/s=0 dup/s=0 ceil=1008 dac=?
[INFO] MEASURE d=1 fps=60.2/60.0 cpu=60.2 use=12 under/s=0 dup/s=0 ceil=1008 dac=?
[INFO] MEASURE d=1 fps=60.2/60.0 cpu=60.2 use=13 under/s=0 dup/s=0 ceil=1008 dac=?
[INFO] MEASURE d=1 fps=60.2/60.0 cpu=60.2 use=12 under/s=0 dup/s=0 ceil=1008 dac=?
[INFO] MEASURE d=1 fps=60.3/60.0 cpu=60.3 use=13 under/s=0 dup/s=0 ceil=1008 dac=?
[INFO] MEASURE d=1 fps=60.2/60.0 cpu=60.2 use=13 under/s=0 dup/s=0 ceil=1008 dac=?
[INFO] MEASURE d=1 fps=60.2/60.0 cpu=60.2 use=12 under/s=0 dup/s=0 ceil=1008 dac=?
[INFO] MEASURE d=1 fps=60.2/60.0 cpu=60.2 use=12 under/s=0 dup/s=0 ceil=1008 dac=?
[INFO] MEASURE d=1 fps=59.9/60.0 cpu=59.9 use=12 under/s=0 dup/s=0 ceil=1008 dac=?
[INFO] MEASURE d=1 fps=60.6/60.0 cpu=60.6 use=12 under/s=0 dup/s=0 ceil=1008 dac=?
[INFO] MEASURE d=1 fps=61.2/60.0 cpu=61.2 use=11 under/s=0 dup/s=0 ceil=1008 dac=?
[INFO] MEASURE d=1 fps=61.3/60.0 cpu=61.3 use=10 under/s=0 dup/s=0 ceil=1008 dac=?
[INFO] MEASURE d=1 fps=59.6/60.0 cpu=59.6 use=10 under/s=0 dup/s=0 ceil=1008 dac=?
[INFO] MEASURE d=1 fps=60.5/60.0 cpu=60.5 use=11 under/s=0 dup/s=0 ceil=1008 dac=?
[INFO] MEASURE d=1 fps=60.5/60.0 cpu=60.5 use=10 under/s=0 dup/s=0 ceil=1008 dac=?
[INFO] MEASURE d=1 fps=59.6/60.0 cpu=59.6 use=10 under/s=0 dup/s=0 ceil=1008 dac=?
[INFO] MEASURE d=1 fps=60.5/60.0 cpu=60.5 use=10 under/s=0 dup/s=0 ceil=1008 dac=?
[INFO] MEASURE d=1 fps=60.8/60.0 cpu=60.8 use=11 under/s=0 dup/s=0 ceil=1008 dac=?
[INFO] MEASURE d=1 fps=59.0/60.0 cpu=59.0 use=12 under/s=0 dup/s=0 ceil=1008 dac=?
[INFO] MEASURE d=1 fps=60.2/60.0 cpu=60.2 use=12 under/s=0 dup/s=0 ceil=1008 dac=?
[INFO] MEASURE d=1 fps=60.2/60.0 cpu=60.2 use=11 under/s=0 dup/s=0 ceil=1008 dac=?
[INFO] MEASURE d=1 fps=60.3/60.0 cpu=60.3 use=11 under/s=0 dup/s=0 ceil=1008 dac=?
[INFO] MEASURE d=1 fps=60.2/60.0 cpu=60.2 use=12 under/s=0 dup/s=0 ceil=1008 dac=?
[INFO] MEASURE d=1 fps=60.2/60.0 cpu=60.2 use=12 under/s=0 dup/s=0 ceil=1008 dac=?
[INFO] MEASURE d=1 fps=60.2/60.0 cpu=60.2 use=12 under/s=0 dup/s=0 ceil=1008 dac=?
[INFO] MEASURE d=1 fps=61.6/60.0 cpu=61.6 use=10 under/s=0 dup/s=0 ceil=1008 dac=?
[INFO] MEASURE d=1 fps=59.6/60.0 cpu=59.6 use=11 under/s=0 dup/s=0 ceil=1008 dac=?
[INFO] MEASURE d=1 fps=59.6/60.0 cpu=59.6 use=11 under/s=0 dup/s=0 ceil=1008 dac=?
[INFO] MEASURE d=1 fps=60.5/60.0 cpu=60.5 use=12 under/s=0 dup/s=0 ceil=1008 dac=?
[INFO] MEASURE d=1 fps=61.0/60.0 cpu=61.0 use=13 under/s=0 dup/s=0 ceil=1008 dac=?
[INFO] MEASURE d=1 fps=59.2/60.0 cpu=59.2 use=12 under/s=0 dup/s=0 ceil=1008 dac=?
[INFO] MEASURE d=1 fps=60.3/60.0 cpu=60.3 use=12 under/s=0 dup/s=0 ceil=1008 dac=?
[INFO] MEASURE d=1 fps=60.2/60.0 cpu=60.2 use=12 under/s=0 dup/s=0 ceil=1008 dac=?
[INFO] MEASURE d=1 fps=60.2/60.0 cpu=60.2 use=13 under/s=0 dup/s=0 ceil=1008 dac=?
[INFO] MEASURE d=1 fps=60.3/60.0 cpu=60.3 use=13 under/s=0 dup/s=0 ceil=1008 dac=?
[INFO] MEASURE d=1 fps=60.2/60.0 cpu=60.2 use=13 under/s=0 dup/s=0 ceil=1008 dac=?
[INFO] MEASURE d=1 fps=60.2/60.0 cpu=60.2 use=12 under/s=0 dup/s=0 ceil=1008 dac=?
[INFO] MEASURE d=1 fps=60.2/60.0 cpu=60.2 use=12 under/s=0 dup/s=0 ceil=1008 dac=?
[INFO] MEASURE d=1 fps=59.8/60.0 cpu=59.8 use=12 under/s=0 dup/s=0 ceil=1008 dac=?
[INFO] MEASURE d=1 fps=60.6/60.0 cpu=60.6 use=13 under/s=0 dup/s=0 ceil=1008 dac=?
[INFO] MEASURE d=1 fps=60.3/60.0 cpu=60.3 use=13 under/s=0 dup/s=0 ceil=1008 dac=?
[INFO] MEASURE d=1 fps=60.2/60.0 cpu=60.2 use=13 under/s=0 dup/s=0 ceil=1008 dac=?
[INFO] MEASURE d=1 fps=60.2/60.0 cpu=60.2 use=14 under/s=0 dup/s=0 ceil=1008 dac=?
[INFO] MEASURE d=1 fps=60.3/60.0 cpu=60.3 use=13 under/s=0 dup/s=0 ceil=1008 dac=?
[INFO] MEASURE d=1 fps=60.2/60.0 cpu=60.2 use=14 under/s=0 dup/s=0 ceil=1008 dac=?
[INFO] MEASURE d=1 fps=61.0/60.0 cpu=61.0 use=12 under/s=0 dup/s=0 ceil=1008 dac=?
[INFO] MEASURE d=1 fps=60.5/60.0 cpu=60.5 use=11 under/s=0 dup/s=0 ceil=1008 dac=?
[INFO] MEASURE d=1 fps=60.2/60.0 cpu=60.2 use=11 under/s=0 dup/s=0 ceil=1008 dac=?
[INFO] MEASURE d=1 fps=60.3/60.0 cpu=60.3 use=12 under/s=0 dup/s=0 ceil=1008 dac=?
[INFO] MEASURE d=1 fps=59.9/60.0 cpu=59.9 use=12 under/s=0 dup/s=0 ceil=1008 dac=?
[INFO] MEASURE d=1 fps=60.5/60.0 cpu=60.5 use=12 under/s=0 dup/s=0 ceil=1008 dac=?
[INFO] MEASURE d=1 fps=60.3/60.0 cpu=60.3 use=11 under/s=0 dup/s=0 ceil=1008 dac=?
[INFO] MEASURE d=1 fps=60.2/60.0 cpu=60.2 use=12 under/s=0 dup/s=0 ceil=1008 dac=?
[INFO] MEASURE d=1 fps=60.2/60.0 cpu=60.2 use=12 under/s=0 dup/s=0 ceil=1008 dac=?
[INFO] MEASURE d=1 fps=60.2/60.0 cpu=60.2 use=12 under/s=0 dup/s=0 ceil=1008 dac=?
[INFO] servo-stats: adj=+1081ppm occ=97% held=105/120 underruns=0
[INFO] MEASURE d=1 fps=60.3/60.0 cpu=60.3 use=12 under/s=0 dup/s=0 ceil=1008 dac=?
[INFO] gov-cap: at-ceil 30/121 ticks ceil=1008000 actual=1008000 kHz
[INFO] MEASURE d=1 fps=60.2/60.0 cpu=60.2 use=12 under/s=0 dup/s=0 ceil=1008 dac=?
[INFO] MEASURE d=1 fps=60.8/60.0 cpu=60.8 use=11 under/s=0 dup/s=0 ceil=1008 dac=?
[INFO] MEASURE d=1 fps=61.0/60.0 cpu=61.0 use=10 under/s=0 dup/s=0 ceil=1008 dac=?
[INFO] MEASURE d=1 fps=59.9/60.0 cpu=59.9 use=11 under/s=0 dup/s=0 ceil=1008 dac=?
[INFO] MEASURE d=1 fps=60.5/60.0 cpu=60.5 use=9 under/s=0 dup/s=0 ceil=1008 dac=?
[INFO] MEASURE d=1 fps=59.6/60.0 cpu=59.6 use=10 under/s=0 dup/s=0 ceil=1008 dac=?
[INFO] MEASURE d=1 fps=60.0/60.0 cpu=60.0 use=9 under/s=0 dup/s=0 ceil=1008 dac=?
[INFO] MEASURE d=1 fps=59.9/60.0 cpu=59.9 use=10 under/s=0 dup/s=0 ceil=1008 dac=?
[INFO] MEASURE d=1 fps=61.8/60.0 cpu=61.8 use=9 under/s=0 dup/s=0 ceil=1008 dac=?
[INFO] MEASURE d=1 fps=59.2/60.0 cpu=59.2 use=11 under/s=0 dup/s=0 ceil=1008 dac=?
[INFO] MEASURE d=1 fps=60.7/60.0 cpu=60.7 use=10 under/s=0 dup/s=0 ceil=1008 dac=?
[INFO] MEASURE d=1 fps=60.3/60.0 cpu=60.3 use=10 under/s=0 dup/s=0 ceil=1008 dac=?
[INFO] MEASURE d=1 fps=59.9/60.0 cpu=59.9 use=11 under/s=0 dup/s=0 ceil=1008 dac=?
[INFO] MEASURE d=1 fps=60.5/60.0 cpu=60.5 use=12 under/s=0 dup/s=0 ceil=1008 dac=?
[INFO] MEASURE d=1 fps=60.2/60.0 cpu=60.2 use=10 under/s=0 dup/s=0 ceil=1008 dac=?
[INFO] MEASURE d=1 fps=60.3/60.0 cpu=60.3 use=10 under/s=0 dup/s=0 ceil=1008 dac=?
[INFO] MEASURE d=1 fps=60.2/60.0 cpu=60.2 use=10 under/s=0 dup/s=0 ceil=1008 dac=?
[INFO] MEASURE d=1 fps=60.2/60.0 cpu=60.2 use=11 under/s=0 dup/s=0 ceil=1008 dac=?
[INFO] MEASURE d=1 fps=61.8/60.0 cpu=61.8 use=11 under/s=0 dup/s=0 ceil=1008 dac=?
[INFO] MEASURE d=1 fps=59.1/60.0 cpu=59.1 use=10 under/s=0 dup/s=0 ceil=1008 dac=?
[INFO] MEASURE d=1 fps=60.6/60.0 cpu=60.6 use=12 under/s=0 dup/s=0 ceil=1008 dac=?
[INFO] MEASURE d=1 fps=59.5/60.0 cpu=59.5 use=12 under/s=0 dup/s=0 ceil=1008 dac=?
[INFO] MEASURE d=1 fps=60.2/60.0 cpu=60.2 use=12 under/s=0 dup/s=0 ceil=1008 dac=?
[INFO] MEASURE d=1 fps=60.3/60.0 cpu=60.3 use=12 under/s=0 dup/s=0 ceil=1008 dac=?
[INFO] MEASURE d=1 fps=60.2/60.0 cpu=60.2 use=14 under/s=0 dup/s=0 ceil=1008 dac=?
[INFO] MEASURE d=1 fps=60.2/60.0 cpu=60.2 use=12 under/s=0 dup/s=0 ceil=1008 dac=?
[INFO] MEASURE d=1 fps=60.3/60.0 cpu=60.3 use=12 under/s=0 dup/s=0 ceil=1008 dac=?
[INFO] MEASURE d=1 fps=60.2/60.0 cpu=60.2 use=13 under/s=0 dup/s=0 ceil=1008 dac=?
[INFO] MEASURE d=1 fps=60.2/60.0 cpu=60.2 use=12 under/s=0 dup/s=0 ceil=1008 dac=?
[INFO] MEASURE d=1 fps=60.2/60.0 cpu=60.2 use=12 under/s=0 dup/s=0 ceil=1008 dac=?
[INFO] MEASURE d=1 fps=60.3/60.0 cpu=60.3 use=13 under/s=0 dup/s=0 ceil=1008 dac=?
[INFO] MEASURE d=1 fps=60.2/60.0 cpu=60.2 use=14 under/s=0 dup/s=0 ceil=1008 dac=?
[INFO] MEASURE d=1 fps=60.3/60.0 cpu=60.3 use=13 under/s=0 dup/s=0 ceil=1008 dac=?
[INFO] MEASURE d=1 fps=60.2/60.0 cpu=60.2 use=13 under/s=0 dup/s=0 ceil=1008 dac=?
[INFO] MEASURE d=1 fps=60.3/60.0 cpu=60.3 use=12 under/s=0 dup/s=0 ceil=1008 dac=?
[INFO] MEASURE d=1 fps=60.2/60.0 cpu=60.2 use=13 under/s=0 dup/s=0 ceil=1008 dac=?
[INFO] MEASURE d=1 fps=60.2/60.0 cpu=60.2 use=12 under/s=0 dup/s=0 ceil=1008 dac=?
[INFO] MEASURE d=1 fps=60.2/60.0 cpu=60.2 use=13 under/s=0 dup/s=0 ceil=1008 dac=?
[INFO] MEASURE d=1 fps=60.3/60.0 cpu=60.3 use=13 under/s=0 dup/s=0 ceil=1008 dac=?
[INFO] MEASURE d=1 fps=59.9/60.0 cpu=59.9 use=13 under/s=0 dup/s=0 ceil=1008 dac=?
[INFO] MEASURE d=1 fps=60.5/60.0 cpu=60.5 use=13 under/s=0 dup/s=0 ceil=1008 dac=?
[INFO] MEASURE d=1 fps=59.7/60.0 cpu=59.7 use=13 under/s=0 dup/s=0 ceil=1008 dac=?
[INFO] MEASURE d=1 fps=60.8/60.0 cpu=60.8 use=13 under/s=0 dup/s=0 ceil=1008 dac=?
[INFO] MEASURE d=1 fps=60.2/60.0 cpu=60.2 use=13 under/s=0 dup/s=0 ceil=1008 dac=?
[INFO] MEASURE d=1 fps=60.3/60.0 cpu=60.3 use=13 under/s=0 dup/s=0 ceil=1008 dac=?
[INFO] MEASURE d=1 fps=60.2/60.0 cpu=60.2 use=12 under/s=0 dup/s=0 ceil=1008 dac=?
[INFO] MEASURE d=1 fps=61.2/60.0 cpu=61.2 use=12 under/s=0 dup/s=0 ceil=1008 dac=?
[INFO] MEASURE d=1 fps=60.3/60.0 cpu=60.3 use=13 under/s=0 dup/s=0 ceil=1008 dac=?
[INFO] MEASURE d=1 fps=60.2/60.0 cpu=60.2 use=14 under/s=0 dup/s=0 ceil=1008 dac=?
[INFO] MEASURE d=1 fps=60.2/60.0 cpu=60.2 use=13 under/s=0 dup/s=0 ceil=1008 dac=?
[INFO] MEASURE d=1 fps=60.2/60.0 cpu=60.2 use=12 under/s=0 dup/s=0 ceil=1008 dac=?
[INFO] MEASURE d=1 fps=60.3/60.0 cpu=60.3 use=9 under/s=0 dup/s=0 ceil=1008 dac=?
[INFO] MEASURE d=1 fps=61.3/60.0 cpu=61.3 use=9 under/s=0 dup/s=0 ceil=1008 dac=?
[INFO] MEASURE d=1 fps=59.6/60.0 cpu=59.6 use=10 under/s=0 dup/s=0 ceil=1008 dac=?
[INFO] MEASURE d=1 fps=60.5/60.0 cpu=60.5 use=9 under/s=0 dup/s=0 ceil=1008 dac=?
[INFO] MEASURE d=1 fps=60.5/60.0 cpu=60.5 use=9 under/s=0 dup/s=0 ceil=1008 dac=?
[INFO] MEASURE d=1 fps=60.8/60.0 cpu=60.8 use=9 under/s=0 dup/s=0 ceil=1008 dac=?
[INFO] MEASURE d=1 fps=59.9/60.0 cpu=59.9 use=10 under/s=0 dup/s=0 ceil=1008 dac=?
[INFO] MEASURE d=1 fps=59.6/60.0 cpu=59.6 use=10 under/s=0 dup/s=0 ceil=1008 dac=?
[INFO] servo-stats: adj=+726ppm occ=87% held=87/120 underruns=0
[INFO] MEASURE d=1 fps=60.6/60.0 cpu=60.6 use=11 under/s=0 dup/s=0 ceil=1008 dac=?
[INFO] gov-cap: at-ceil 24/121 ticks ceil=1008000 actual=1008000 kHz
[INFO] MEASURE d=1 fps=59.8/60.0 cpu=59.8 use=10 under/s=0 dup/s=0 ceil=1008 dac=?
[INFO] MEASURE d=1 fps=60.6/60.0 cpu=60.6 use=11 under/s=0 dup/s=0 ceil=1008 dac=?
[INFO] MEASURE d=1 fps=60.0/60.0 cpu=60.0 use=11 under/s=0 dup/s=0 ceil=1008 dac=?
[INFO] MEASURE d=1 fps=60.5/60.0 cpu=60.5 use=11 under/s=0 dup/s=0 ceil=1008 dac=?
[INFO] MEASURE d=1 fps=60.2/60.0 cpu=60.2 use=11 under/s=0 dup/s=0 ceil=1008 dac=?
[INFO] MEASURE d=1 fps=60.0/60.0 cpu=60.0 use=10 under/s=0 dup/s=0 ceil=1008 dac=?
[INFO] MEASURE d=1 fps=60.4/60.0 cpu=60.4 use=10 under/s=0 dup/s=0 ceil=1008 dac=?
[INFO] MEASURE d=1 fps=60.5/60.0 cpu=60.5 use=9 under/s=0 dup/s=0 ceil=1008 dac=?
[INFO] MEASURE d=1 fps=60.0/60.0 cpu=60.0 use=12 under/s=0 dup/s=0 ceil=1008 dac=?
