[INFO] MinArch
[INFO] uv: table slot chips/3c8226dd00c64a5400009c0000000000
[INFO] uv: voltage authority armed (8 table entries)
[INFO] rom_path: /mnt/SDCARD/Roms/4) Super Nintendo (SUPA)/Street Fighter II Turbo.sfc
current_mode 1024x768
SDL_UDEV_DEVICEADDED 2 /dev/input/event1
SDL_UDEV_DEVICEADDED 8 /dev/audio
SDL_UDEV_DEVICEADDED 8 /dev/dsp
SDL_UDEV_DEVICEADDED 2 /dev/input/event2
SDL_UDEV_DEVICEADDED 8 /dev/mixer
SDL_UDEV_DEVICEADDED 8 /dev/snd/pcmC0D0c
SDL_UDEV_DEVICEADDED 8 /dev/snd/pcmC0D0p
SDL_UDEV_DEVICEADDED 8 /dev/snd/controlC0
SDL_UDEV_DEVICEADDED 2 /dev/input/event0
SDL_UDEV_DEVICEADDED 6 /dev/input/event3
SDL_UDEV_DEVICEADDED 6 /dev/input/js0
SDL_UDEV_DEVICEADDED 8 /dev/snd/seq
SDL_UDEV_DEVICEADDED 8 /dev/sequencer
SDL_UDEV_DEVICEADDED 8 /dev/sequencer2
SDL_UDEV_DEVICEADDED 8 /dev/snd/timer
MALI_CreateWindow:0x13737910 done.
SDL_UDEV_DEVICEADDED 2 /dev/input/event1
SDL_UDEV_DEVICEADDED 8 /dev/audio
SDL_UDEV_DEVICEADDED 8 /dev/dsp
SDL_UDEV_DEVICEADDED 2 /dev/input/event2
SDL_UDEV_DEVICEADDED 8 /dev/mixer
SDL_UDEV_DEVICEADDED 8 /dev/snd/pcmC0D0c
SDL_UDEV_DEVICEADDED 8 /dev/snd/pcmC0D0p
SDL_UDEV_DEVICEADDED 8 /dev/snd/controlC0
SDL_UDEV_DEVICEADDED 2 /dev/input/event0
SDL_UDEV_DEVICEADDED 6 /dev/input/event3
SDL_UDEV_DEVICEADDED 6 /dev/input/js0
SDL_UDEV_DEVICEADDED 8 /dev/snd/seq
SDL_UDEV_DEVICEADDED 8 /dev/sequencer
SDL_UDEV_DEVICEADDED 8 /dev/sequencer2
SDL_UDEV_DEVICEADDED 8 /dev/snd/timer
[INFO] Core_open
[INFO] presentation-drop: disabled
[INFO] OptionList_vars
[INFO] core: mednafen_supafaust version: Supafaust (1.29.0 2b93c0d) tag: SUPA (valid_extensions: smc|swc|sfc|fig need_fullpath: 0)
[INFO] Game_open
[INFO] Config_load
[INFO] config.device_tag brick
[INFO] usng device_system_path: /mnt/SDCARD/.system/tg5040/system-brick.cfg
[INFO] Config_getPath /mnt/SDCARD/.userdata/tg5040/SUPA-mednafen_supafaust/Street Fighter II Turbo.sfc-brick.cfg
[INFO] Config_getPath /mnt/SDCARD/.userdata/tg5040/SUPA-mednafen_supafaust/minarch-brick.cfg
[INFO] Config_init
[INFO] 	bind Up (UP) 0:4
[INFO] 	bind Down (DOWN) 1:5
[INFO] 	bind Left (LEFT) 2:6
[INFO] 	bind Right (RIGHT) 3:7
[INFO] 	bind Select (SELECT) 9:2
[INFO] 	bind Start (START) 8:3
[INFO] 	bind Y Button (Y) 7:1
[INFO] 	bind X Button (X) 6:9
[INFO] 	bind B Button (B) 5:0
[INFO] 	bind A Button (A) 4:8
[INFO] 	bind L Button (L1) 10:10
[INFO] 	bind R Button (R1) 11:11
[INFO] Config_readOptions
[INFO] resizeVideo(1024,768,2048) hard_scale: 1 crisp: 1
[INFO] Config_readOptions
[INFO] Core_init
[INFO] Core_load
[INFO] game path: /mnt/SDCARD/Roms/4) Super Nintendo (SUPA)/Street Fighter II Turbo.sfc (2621440)
[INFO] Input_init
---------------------------------
PRESENT    : B
PRESENT    : Y
PRESENT    : Select
PRESENT    : Start
PRESENT    : D-Pad Up
PRESENT    : D-Pad Down
PRESENT    : D-Pad Left
PRESENT    : D-Pad Right
PRESENT    : A
PRESENT    : X
PRESENT    : L
PRESENT    : R
---------------------------------
[INFO] DEFAULT D-Pad Up (Up): <UP>
[INFO] DEFAULT D-Pad Down (Down): <DOWN>
[INFO] DEFAULT D-Pad Left (Left): <LEFT>
[INFO] DEFAULT D-Pad Right (Right): <RIGHT>
[INFO] DEFAULT A (A Button): <A>
[INFO] DEFAULT B (B Button): <B>
[INFO] DEFAULT X (X Button): <X>
[INFO] DEFAULT Y (Y Button): <Y>
[INFO] DEFAULT Start (Start): <START>
[INFO] DEFAULT Select (Select): <SELECT>
[INFO] DEFAULT L (L1 Button): <L1>
[INFO] DEFAULT R (R1 Button): <R1>
[INFO] DEFAULT (null) (L2 Button): <L2>
[INFO] DEFAULT (null) (R2 Button): <R2>
[INFO] DEFAULT (null) (L3 Button): <L3>
[INFO] DEFAULT (null) (R3 Button): <R3>
---------------------------------
[INFO] Up: <UP> (0:4)
[INFO] Down: <DOWN> (1:5)
[INFO] Left: <LEFT> (2:6)
[INFO] Right: <RIGHT> (3:7)
[INFO] Select: <SELECT> (9:2)
[INFO] Start: <START> (8:3)
[INFO] Y Button: <Y> (7:1)
[INFO] X Button: <X> (6:9)
[INFO] B Button: <B> (5:0)
[INFO] A Button: <A> (4:8)
[INFO] L Button: <L1> (10:10)
[INFO] R Button: <R1> (11:11)
---------------------------------
[INFO] Using module: snes_faust(Super Nintendo Entertainment System/Super Famicom)
[INFO] 
[INFO]  Renderer: Multi-threaded
[INFO]  PAL: 0
[INFO]  PAL PPU Bit: 0
[INFO]  FrameBeginVBlank: 1
[INFO]  PPUThreadAffinity: 0xc
[INFO] aspect_ratio: 1.303571 (292x224) fps: 60.099823
[INFO] Config_readOptions
[INFO] Config_readOptions
[INFO] Config_readControlsString
[INFO] SND_init
[INFO] Available audio drivers:
[INFO] - alsa
[INFO] - dsp
[INFO] - disk
[INFO] - dummy
[INFO] Current audio driver: alsa
[INFO] sample rate: 32044 (req) 32044 (rec) [samples 512]
[INFO] rate match: +2249ppm -> 60.235 fps target (core 60.0998)
Simple mixer control 'Headphone',0
  Capabilities: volume volume-joined pswitch pswitch-joined
  Playback channels: Mono
  Capture channels: Mono
  Limits: 0 - 7
  Mono: 0 [0%] [-42.00dB] Playback [on]
Simple mixer control 'digital volume',0
  Capabilities: volume volume-joined
  Playback channels: Mono
  Capture channels: Mono
  Limits: 0 - 63
  Mono: 0 [0%]
Simple mixer control 'DAC Swap',0
  Capabilities: enum
  Items: 'Off' 'On'
  Item0: 'Off'
SetRawVolume(45)
SetRawBrightness(16)
[INFO] loop path: serial (auto-thread=0)
[INFO] uv: hold thread started (transition-gated, holding 1012500uV)
[INFO] governor: OPP ladder [408000 600000 816000 1008000 1200000 1416000 1608000 1800000 2000000 ] (9 entries)
[INFO] governor: f_min=600000 f_max=1416000 kHz
[INFO] selectScaler
[INFO] aspect: 1.303571
[INFO] resizeVideo(1040,896,2080) hard_scale: 1 crisp: 1
[INFO] resize: platform clamped dst_h 896 -> 768
[INFO] resizeVideo(256,224,1024) hard_scale: 4 crisp: 1
[INFO] MEASURE d=1 fps=68.2/60.1 cpu=68.2 use=0 under/s=0 dup/s=0 ceil=1416 dac=?
[INFO] MEASURE d=1 fps=60.5/60.1 cpu=60.5 use=32 under/s=0 dup/s=0 ceil=1416 dac=?
[INFO] MEASURE d=1 fps=60.3/60.1 cpu=60.3 use=30 under/s=0 dup/s=0 ceil=1416 dac=?
[INFO] MEASURE d=1 fps=60.4/60.1 cpu=60.4 use=32 under/s=0 dup/s=0 ceil=1416 dac=?
[INFO] MEASURE d=1 fps=59.6/60.1 cpu=59.6 use=28 under/s=0 dup/s=0 ceil=1416 dac=?
[INFO] MEASURE d=1 fps=60.7/60.1 cpu=60.7 use=22 under/s=0 dup/s=0 ceil=1416 dac=?
[INFO] MEASURE d=1 fps=60.0/60.1 cpu=60.0 use=26 under/s=0 dup/s=0 ceil=1416 dac=?
[INFO] MEASURE d=1 fps=60.6/60.1 cpu=60.6 use=25 under/s=0 dup/s=0 ceil=1416 dac=?
[INFO] MEASURE d=1 fps=59.0/60.1 cpu=59.0 use=27 under/s=0 dup/s=0 ceil=1416 dac=?
[INFO] gov: ceil 1416000->1200000 kHz (temp=37C, signal=0 gen=59.0/60.2)
[INFO] MEASURE d=1 fps=61.6/60.1 cpu=61.6 use=17 under/s=0 dup/s=0 ceil=1200 dac=?
[INFO] MEASURE d=1 fps=59.5/60.1 cpu=59.5 use=23 under/s=0 dup/s=0 ceil=1200 dac=?
[INFO] MEASURE d=1 fps=59.9/60.1 cpu=59.9 use=26 under/s=0 dup/s=0 ceil=1200 dac=?
[INFO] gov: ceil 1200000->1008000 kHz (temp=37C, signal=0 gen=59.9/60.2)
[INFO] MEASURE d=1 fps=59.9/60.1 cpu=59.9 use=19 under/s=0 dup/s=0 ceil=1008 dac=?
[INFO] MEASURE d=1 fps=62.0/60.1 cpu=62.0 use=22 under/s=0 dup/s=0 ceil=1008 dac=?
[INFO] gov: ceil 1008000->816000 kHz (temp=37C, signal=0 gen=62.0/60.2)
[INFO] MEASURE d=1 fps=58.5/60.1 cpu=58.5 use=22 under/s=0 dup/s=0 ceil=816 dac=?
[INFO] gov: ceil 816000->1008000 kHz (temp=37C, signal=1 gen=58.5/60.2)
[INFO] gov: ceil 1008000->1416000 kHz (temp=37C, signal=1 gen=58.5/60.2)
[INFO] MEASURE d=1 fps=60.6/60.1 cpu=60.6 use=22 under/s=0 dup/s=0 ceil=1416 dac=?
[INFO] MEASURE d=1 fps=60.6/60.1 cpu=60.6 use=24 under/s=0 dup/s=0 ceil=1416 dac=?
[INFO] MEASURE d=1 fps=60.6/60.1 cpu=60.6 use=28 under/s=0 dup/s=0 ceil=1416 dac=?
[INFO] MEASURE d=1 fps=60.0/60.1 cpu=60.0 use=25 under/s=0 dup/s=0 ceil=1416 dac=?
[INFO] gov: ceil 1416000->1200000 kHz (temp=37C, signal=0 gen=60.0/60.2)
[INFO] MEASURE d=1 fps=59.6/60.1 cpu=59.6 use=31 under/s=0 dup/s=0 ceil=1200 dac=?
[INFO] MEASURE d=1 fps=60.5/60.1 cpu=60.5 use=24 under/s=0 dup/s=0 ceil=1200 dac=?
[INFO] MEASURE d=1 fps=60.7/60.1 cpu=60.7 use=32 under/s=0 dup/s=0 ceil=1200 dac=?
[INFO] MEASURE d=1 fps=60.0/60.1 cpu=60.0 use=26 under/s=0 dup/s=0 ceil=1200 dac=?
[INFO] MEASURE d=1 fps=60.6/60.1 cpu=60.6 use=32 under/s=0 dup/s=0 ceil=1200 dac=?
[INFO] MEASURE d=1 fps=60.8/60.1 cpu=60.8 use=31 under/s=0 dup/s=0 ceil=1200 dac=?
[INFO] MEASURE d=1 fps=58.8/60.1 cpu=58.8 use=26 under/s=0 dup/s=0 ceil=1200 dac=?
[INFO] MEASURE d=1 fps=60.5/60.1 cpu=60.5 use=32 under/s=0 dup/s=0 ceil=1200 dac=?
[INFO] MEASURE d=1 fps=60.7/60.1 cpu=60.7 use=25 under/s=0 dup/s=0 ceil=1200 dac=?
[INFO] MEASURE d=1 fps=60.0/60.1 cpu=60.0 use=31 under/s=0 dup/s=0 ceil=1200 dac=?
[INFO] MEASURE d=1 fps=59.6/60.1 cpu=59.6 use=28 under/s=0 dup/s=0 ceil=1200 dac=?
[INFO] MEASURE d=1 fps=60.6/60.1 cpu=60.6 use=30 under/s=0 dup/s=0 ceil=1200 dac=?
[INFO] MEASURE d=1 fps=60.3/60.1 cpu=60.3 use=22 under/s=0 dup/s=0 ceil=1200 dac=?
[INFO] MEASURE d=1 fps=60.6/60.1 cpu=60.6 use=21 under/s=0 dup/s=0 ceil=1200 dac=?
[INFO] MEASURE d=1 fps=60.2/60.1 cpu=60.2 use=22 under/s=0 dup/s=0 ceil=1200 dac=?
[INFO] MEASURE d=1 fps=59.6/60.1 cpu=59.6 use=26 under/s=0 dup/s=0 ceil=1200 dac=?
[INFO] MEASURE d=1 fps=59.8/60.1 cpu=59.8 use=22 under/s=0 dup/s=0 ceil=1200 dac=?
[INFO] MEASURE d=1 fps=60.8/60.1 cpu=60.8 use=27 under/s=0 dup/s=0 ceil=1200 dac=?
[INFO] MEASURE d=1 fps=60.8/60.1 cpu=60.8 use=27 under/s=0 dup/s=0 ceil=1200 dac=?
[INFO] MEASURE d=1 fps=60.0/60.1 cpu=60.0 use=16 under/s=0 dup/s=0 ceil=1200 dac=?
[INFO] MEASURE d=1 fps=59.5/60.1 cpu=59.5 use=21 under/s=0 dup/s=0 ceil=1200 dac=?
[INFO] MEASURE d=1 fps=60.2/60.1 cpu=60.2 use=22 under/s=0 dup/s=0 ceil=1200 dac=?
[INFO] MEASURE d=1 fps=60.2/60.1 cpu=60.2 use=21 under/s=0 dup/s=0 ceil=1200 dac=?
[INFO] MEASURE d=1 fps=60.3/60.1 cpu=60.3 use=20 under/s=0 dup/s=0 ceil=1200 dac=?
[INFO] MEASURE d=1 fps=60.2/60.1 cpu=60.2 use=22 under/s=0 dup/s=0 ceil=1200 dac=?
[INFO] MEASURE d=1 fps=60.3/60.1 cpu=60.3 use=21 under/s=0 dup/s=0 ceil=1200 dac=?
[INFO] MEASURE d=1 fps=60.2/60.1 cpu=60.2 use=20 under/s=0 dup/s=0 ceil=1200 dac=?
[INFO] MEASURE d=1 fps=60.9/60.1 cpu=60.9 use=20 under/s=0 dup/s=0 ceil=1200 dac=?
[INFO] MEASURE d=1 fps=59.7/60.1 cpu=59.7 use=21 under/s=0 dup/s=0 ceil=1200 dac=?
[INFO] MEASURE d=1 fps=60.2/60.1 cpu=60.2 use=21 under/s=0 dup/s=0 ceil=1200 dac=?
[INFO] MEASURE d=1 fps=60.8/60.1 cpu=60.8 use=22 under/s=0 dup/s=0 ceil=1200 dac=?
[INFO] MEASURE d=1 fps=59.7/60.1 cpu=59.7 use=21 under/s=0 dup/s=0 ceil=1200 dac=?
[INFO] MEASURE d=1 fps=60.3/60.1 cpu=60.3 use=22 under/s=0 dup/s=0 ceil=1200 dac=?
[INFO] MEASURE d=1 fps=60.2/60.1 cpu=60.2 use=22 under/s=0 dup/s=0 ceil=1200 dac=?
[INFO] MEASURE d=1 fps=60.2/60.1 cpu=60.2 use=22 under/s=0 dup/s=0 ceil=1200 dac=?
[INFO] MEASURE d=1 fps=60.8/60.1 cpu=60.8 use=22 under/s=0 dup/s=0 ceil=1200 dac=?
[INFO] MEASURE d=1 fps=59.7/60.1 cpu=59.7 use=20 under/s=0 dup/s=0 ceil=1200 dac=?
[INFO] MEASURE d=1 fps=60.0/60.1 cpu=60.0 use=20 under/s=0 dup/s=0 ceil=1200 dac=?
[INFO] MEASURE d=1 fps=60.9/60.1 cpu=60.9 use=20 under/s=0 dup/s=0 ceil=1200 dac=?
[INFO] MEASURE d=1 fps=59.8/60.1 cpu=59.8 use=22 under/s=0 dup/s=0 ceil=1200 dac=?
[INFO] MEASURE d=1 fps=60.6/60.1 cpu=60.6 use=22 under/s=0 dup/s=0 ceil=1200 dac=?
[INFO] servo-stats: adj=+0ppm occ=98% held=122/120 underruns=0
[INFO] MEASURE d=1 fps=59.8/60.1 cpu=59.8 use=22 under/s=0 dup/s=0 ceil=1200 dac=?
[INFO] gov-cap: at-ceil 12/122 ticks ceil=1200000 actual=1008000 kHz
[INFO] MEASURE d=1 fps=60.3/60.1 cpu=60.3 use=20 under/s=0 dup/s=0 ceil=1200 dac=?
[INFO] MEASURE d=1 fps=60.3/60.1 cpu=60.3 use=22 under/s=0 dup/s=0 ceil=1200 dac=?
[INFO] MEASURE d=1 fps=60.5/60.1 cpu=60.5 use=18 under/s=0 dup/s=0 ceil=1200 dac=?
[INFO] MEASURE d=1 fps=60.6/60.1 cpu=60.6 use=29 under/s=0 dup/s=0 ceil=1200 dac=?
[INFO] MEASURE d=1 fps=60.4/60.1 cpu=60.4 use=25 under/s=0 dup/s=0 ceil=1200 dac=?
[INFO] MEASURE d=1 fps=59.2/60.1 cpu=59.2 use=26 under/s=0 dup/s=0 ceil=1200 dac=?
[INFO] MEASURE d=1 fps=60.4/60.1 cpu=60.4 use=24 under/s=0 dup/s=0 ceil=1200 dac=?
[INFO] MEASURE d=1 fps=60.8/60.1 cpu=60.8 use=15 under/s=0 dup/s=0 ceil=1200 dac=?
[INFO] MEASURE d=1 fps=60.6/60.1 cpu=60.6 use=24 under/s=0 dup/s=0 ceil=1200 dac=?
[INFO] MEASURE d=1 fps=58.8/60.1 cpu=58.8 use=22 under/s=0 dup/s=0 ceil=1200 dac=?
[INFO] MEASURE d=1 fps=60.7/60.1 cpu=60.7 use=21 under/s=0 dup/s=0 ceil=1200 dac=?
[INFO] MEASURE d=1 fps=59.9/60.1 cpu=59.9 use=20 under/s=0 dup/s=0 ceil=1200 dac=?
[INFO] MEASURE d=1 fps=60.5/60.1 cpu=60.5 use=24 under/s=0 dup/s=0 ceil=1200 dac=?
[INFO] MEASURE d=1 fps=60.9/60.1 cpu=60.9 use=22 under/s=0 dup/s=0 ceil=1200 dac=?
[INFO] MEASURE d=1 fps=60.1/60.1 cpu=60.1 use=28 under/s=0 dup/s=0 ceil=1200 dac=?
[INFO] gov: ceil 1200000->1008000 kHz (temp=37C, signal=0 gen=60.1/60.2)
[INFO] MEASURE d=1 fps=59.6/60.1 cpu=59.6 use=24 under/s=0 dup/s=0 ceil=1008 dac=?
[INFO] MEASURE d=1 fps=60.5/60.1 cpu=60.5 use=26 under/s=0 dup/s=0 ceil=1008 dac=?
[INFO] MEASURE d=1 fps=60.7/60.1 cpu=60.7 use=27 under/s=0 dup/s=0 ceil=1008 dac=?
[INFO] MEASURE d=1 fps=60.0/60.1 cpu=60.0 use=30 under/s=0 dup/s=0 ceil=1008 dac=?
[INFO] MEASURE d=1 fps=59.6/60.1 cpu=59.6 use=26 under/s=0 dup/s=0 ceil=1008 dac=?
[INFO] MEASURE d=1 fps=60.5/60.1 cpu=60.5 use=26 under/s=0 dup/s=0 ceil=1008 dac=?
[INFO] MEASURE d=1 fps=60.5/60.1 cpu=60.5 use=29 under/s=0 dup/s=0 ceil=1008 dac=?
[INFO] MEASURE d=1 fps=59.6/60.1 cpu=59.6 use=24 under/s=0 dup/s=0 ceil=1008 dac=?
[INFO] MEASURE d=1 fps=60.5/60.1 cpu=60.5 use=27 under/s=0 dup/s=0 ceil=1008 dac=?
[INFO] MEASURE d=1 fps=60.5/60.1 cpu=60.5 use=25 under/s=0 dup/s=0 ceil=1008 dac=?
[INFO] MEASURE d=1 fps=59.6/60.1 cpu=59.6 use=29 under/s=0 dup/s=0 ceil=1008 dac=?
[INFO] MEASURE d=1 fps=60.5/60.1 cpu=60.5 use=24 under/s=0 dup/s=0 ceil=1008 dac=?
[INFO] MEASURE d=1 fps=60.5/60.1 cpu=60.5 use=27 under/s=0 dup/s=0 ceil=1008 dac=?
[INFO] MEASURE d=1 fps=59.9/60.1 cpu=59.9 use=25 under/s=0 dup/s=0 ceil=1008 dac=?
[INFO] MEASURE d=1 fps=60.9/60.1 cpu=60.9 use=28 under/s=0 dup/s=0 ceil=1008 dac=?
[INFO] MEASURE d=1 fps=60.4/60.1 cpu=60.4 use=21 under/s=0 dup/s=0 ceil=1008 dac=?
[INFO] MEASURE d=1 fps=59.2/60.1 cpu=59.2 use=24 under/s=0 dup/s=0 ceil=1008 dac=?
[INFO] gov: ceil 1008000->816000 kHz (temp=36C, signal=0 gen=59.2/60.2)
[INFO] MEASURE d=1 fps=60.6/60.1 cpu=60.6 use=23 under/s=0 dup/s=0 ceil=816 dac=?
[INFO] MEASURE d=1 fps=60.5/60.1 cpu=60.5 use=23 under/s=0 dup/s=0 ceil=816 dac=?
[INFO] MEASURE d=1 fps=59.6/60.1 cpu=59.6 use=28 under/s=0 dup/s=0 ceil=816 dac=?
[INFO] MEASURE d=1 fps=60.5/60.1 cpu=60.5 use=24 under/s=0 dup/s=0 ceil=816 dac=?
[INFO] MEASURE d=1 fps=60.5/60.1 cpu=60.5 use=13 under/s=0 dup/s=0 ceil=816 dac=?
[INFO] gov: ceil 816000->600000 kHz (temp=37C, signal=0 gen=60.5/60.2)
[INFO] MEASURE d=1 fps=59.9/60.1 cpu=59.9 use=23 under/s=0 dup/s=0 ceil=600 dac=?
[INFO] MEASURE d=1 fps=59.5/60.1 cpu=59.5 use=28 under/s=0 dup/s=0 ceil=600 dac=?
[INFO] MEASURE d=1 fps=61.0/60.1 cpu=61.0 use=30 under/s=0 dup/s=0 ceil=600 dac=?
[INFO] MEASURE d=1 fps=59.7/60.1 cpu=59.7 use=27 under/s=0 dup/s=0 ceil=600 dac=?
[INFO] MEASURE d=1 fps=60.3/60.1 cpu=60.3 use=28 under/s=0 dup/s=0 ceil=600 dac=?
[INFO] MEASURE d=1 fps=60.4/60.1 cpu=60.4 use=28 under/s=0 dup/s=0 ceil=600 dac=?
[INFO] MEASURE d=1 fps=60.0/60.1 cpu=60.0 use=28 under/s=0 dup/s=0 ceil=600 dac=?
[INFO] MEASURE d=1 fps=60.6/60.1 cpu=60.6 use=29 under/s=0 dup/s=0 ceil=600 dac=?
[INFO] MEASURE d=1 fps=59.5/60.1 cpu=59.5 use=27 under/s=0 dup/s=0 ceil=600 dac=?
[INFO] MEASURE d=1 fps=60.0/60.1 cpu=60.0 use=28 under/s=0 dup/s=0 ceil=600 dac=?
[INFO] MEASURE d=1 fps=60.3/60.1 cpu=60.3 use=28 under/s=0 dup/s=0 ceil=600 dac=?
[INFO] MEASURE d=1 fps=60.2/60.1 cpu=60.2 use=29 under/s=0 dup/s=0 ceil=600 dac=?
[INFO] audio servo: armed (static +2249ppm, setpoint 75%, rail +-20000ppm, smooth 4 ticks)
[INFO] MEASURE d=1 fps=61.2/60.1 cpu=61.2 use=30 under/s=0 dup/s=0 ceil=600 dac=?
[INFO] MEASURE d=1 fps=59.7/60.1 cpu=59.7 use=29 under/s=0 dup/s=0 ceil=600 dac=?
[INFO] MEASURE d=1 fps=60.8/60.1 cpu=60.8 use=30 under/s=0 dup/s=0 ceil=600 dac=?
[INFO] MEASURE d=1 fps=60.2/60.1 cpu=60.2 use=28 under/s=0 dup/s=0 ceil=600 dac=?
[INFO] MEASURE d=1 fps=60.2/60.1 cpu=60.2 use=30 under/s=0 dup/s=0 ceil=600 dac=?
[INFO] MEASURE d=1 fps=60.9/60.1 cpu=60.9 use=28 under/s=0 dup/s=0 ceil=600 dac=?
[INFO] MEASURE d=1 fps=61.0/60.1 cpu=61.0 use=21 under/s=0 dup/s=0 ceil=600 dac=?
[INFO] MEASURE d=1 fps=59.6/60.1 cpu=59.6 use=25 under/s=0 dup/s=0 ceil=600 dac=?
[INFO] MEASURE d=1 fps=60.5/60.1 cpu=60.5 use=25 under/s=0 dup/s=0 ceil=600 dac=?
[INFO] servo-stats: adj=+2963ppm occ=99% held=120/120 underruns=0
[INFO] MEASURE d=1 fps=60.5/60.1 cpu=60.5 use=27 under/s=0 dup/s=0 ceil=600 dac=?
[INFO] gov-cap: at-ceil 52/121 ticks ceil=600000 actual=600000 kHz
[INFO] MEASURE d=1 fps=60.5/60.1 cpu=60.5 use=29 under/s=0 dup/s=0 ceil=600 dac=?
[INFO] MEASURE d=1 fps=60.5/60.1 cpu=60.5 use=21 under/s=0 dup/s=0 ceil=600 dac=?
[INFO] MEASURE d=1 fps=60.5/60.1 cpu=60.5 use=19 under/s=0 dup/s=0 ceil=600 dac=?
[INFO] MEASURE d=1 fps=60.8/60.1 cpu=60.8 use=25 under/s=0 dup/s=0 ceil=600 dac=?
[INFO] MEASURE d=1 fps=59.4/60.1 cpu=59.4 use=26 under/s=0 dup/s=0 ceil=600 dac=?
[INFO] MEASURE d=1 fps=60.2/60.1 cpu=60.2 use=28 under/s=0 dup/s=0 ceil=600 dac=?
[INFO] MEASURE d=1 fps=61.3/60.1 cpu=61.3 use=26 under/s=0 dup/s=0 ceil=600 dac=?
[INFO] MEASURE d=1 fps=59.2/60.1 cpu=59.2 use=28 under/s=0 dup/s=0 ceil=600 dac=?
[INFO] MEASURE d=1 fps=61.6/60.1 cpu=61.6 use=27 under/s=0 dup/s=0 ceil=600 dac=?
[INFO] MEASURE d=1 fps=59.5/60.1 cpu=59.5 use=25 under/s=0 dup/s=0 ceil=600 dac=?
[INFO] MEASURE d=1 fps=60.5/60.1 cpu=60.5 use=31 under/s=0 dup/s=0 ceil=600 dac=?
[INFO] MEASURE d=1 fps=60.5/60.1 cpu=60.5 use=23 under/s=0 dup/s=0 ceil=600 dac=?
[INFO] MEASURE d=1 fps=60.5/60.1 cpu=60.5 use=28 under/s=0 dup/s=0 ceil=600 dac=?
[INFO] MEASURE d=1 fps=60.5/60.1 cpu=60.5 use=27 under/s=0 dup/s=0 ceil=600 dac=?
[INFO] MEASURE d=1 fps=60.5/60.1 cpu=60.5 use=25 under/s=0 dup/s=0 ceil=600 dac=?
[INFO] MEASURE d=1 fps=60.7/60.1 cpu=60.7 use=27 under/s=0 dup/s=0 ceil=600 dac=?
[INFO] MEASURE d=1 fps=60.0/60.1 cpu=60.0 use=25 under/s=0 dup/s=0 ceil=600 dac=?
[INFO] MEASURE d=1 fps=60.9/60.1 cpu=60.9 use=23 under/s=0 dup/s=0 ceil=600 dac=?
[INFO] MEASURE d=1 fps=59.8/60.1 cpu=59.8 use=25 under/s=0 dup/s=0 ceil=600 dac=?
[INFO] MEASURE d=1 fps=60.5/60.1 cpu=60.5 use=27 under/s=0 dup/s=0 ceil=600 dac=?
[INFO] MEASURE d=1 fps=60.6/60.1 cpu=60.6 use=27 under/s=0 dup/s=0 ceil=600 dac=?
[INFO] MEASURE d=1 fps=61.0/60.1 cpu=61.0 use=28 under/s=0 dup/s=0 ceil=600 dac=?
[INFO] MEASURE d=1 fps=59.6/60.1 cpu=59.6 use=26 under/s=0 dup/s=0 ceil=600 dac=?
[INFO] MEASURE d=1 fps=60.5/60.1 cpu=60.5 use=25 under/s=0 dup/s=0 ceil=600 dac=?
[INFO] MEASURE d=1 fps=59.3/60.1 cpu=59.3 use=23 under/s=0 dup/s=0 ceil=600 dac=?
[INFO] MEASURE d=1 fps=61.9/60.1 cpu=61.9 use=29 under/s=0 dup/s=0 ceil=600 dac=?
[INFO] MEASURE d=1 fps=59.7/60.1 cpu=59.7 use=28 under/s=0 dup/s=0 ceil=600 dac=?
[INFO] MEASURE d=1 fps=60.4/60.1 cpu=60.4 use=26 under/s=0 dup/s=0 ceil=600 dac=?
[INFO] MEASURE d=1 fps=60.7/60.1 cpu=60.7 use=26 under/s=0 dup/s=0 ceil=600 dac=?
[INFO] MEASURE d=1 fps=60.3/60.1 cpu=60.3 use=28 under/s=0 dup/s=0 ceil=600 dac=?
[INFO] MEASURE d=1 fps=60.8/60.1 cpu=60.8 use=19 under/s=0 dup/s=0 ceil=600 dac=?
[INFO] MEASURE d=1 fps=59.8/60.1 cpu=59.8 use=23 under/s=0 dup/s=0 ceil=600 dac=?
[INFO] MEASURE d=1 fps=60.2/60.1 cpu=60.2 use=29 under/s=0 dup/s=0 ceil=600 dac=?
[INFO] MEASURE d=1 fps=60.3/60.1 cpu=60.3 use=28 under/s=0 dup/s=0 ceil=600 dac=?
[INFO] MEASURE d=1 fps=60.9/60.1 cpu=60.9 use=29 under/s=0 dup/s=0 ceil=600 dac=?
[INFO] MEASURE d=1 fps=59.6/60.1 cpu=59.6 use=29 under/s=0 dup/s=0 ceil=600 dac=?
[INFO] MEASURE d=1 fps=60.2/60.1 cpu=60.2 use=29 under/s=0 dup/s=0 ceil=600 dac=?
[INFO] MEASURE d=1 fps=60.9/60.1 cpu=60.9 use=29 under/s=0 dup/s=0 ceil=600 dac=?
[INFO] MEASURE d=1 fps=60.5/60.1 cpu=60.5 use=29 under/s=0 dup/s=0 ceil=600 dac=?
[INFO] MEASURE d=1 fps=60.3/60.1 cpu=60.3 use=28 under/s=0 dup/s=0 ceil=600 dac=?
[INFO] MEASURE d=1 fps=60.2/60.1 cpu=60.2 use=29 under/s=0 dup/s=0 ceil=600 dac=?
[INFO] MEASURE d=1 fps=60.2/60.1 cpu=60.2 use=28 under/s=0 dup/s=0 ceil=600 dac=?
[INFO] MEASURE d=1 fps=60.0/60.1 cpu=60.0 use=29 under/s=0 dup/s=0 ceil=600 dac=?
[INFO] MEASURE d=1 fps=60.5/60.1 cpu=60.5 use=28 under/s=0 dup/s=0 ceil=600 dac=?
[INFO] MEASURE d=1 fps=60.2/60.1 cpu=60.2 use=29 under/s=0 dup/s=0 ceil=600 dac=?
[INFO] MEASURE d=1 fps=60.2/60.1 cpu=60.2 use=30 under/s=0 dup/s=0 ceil=600 dac=?
[INFO] MEASURE d=1 fps=60.2/60.1 cpu=60.2 use=29 under/s=0 dup/s=0 ceil=600 dac=?
[INFO] MEASURE d=1 fps=60.3/60.1 cpu=60.3 use=29 under/s=0 dup/s=0 ceil=600 dac=?
[INFO] MEASURE d=1 fps=61.2/60.1 cpu=61.2 use=29 under/s=0 dup/s=0 ceil=600 dac=?
[INFO] MEASURE d=1 fps=60.6/60.1 cpu=60.6 use=29 under/s=0 dup/s=0 ceil=600 dac=?
[INFO] MEASURE d=1 fps=59.8/60.1 cpu=59.8 use=30 under/s=0 dup/s=0 ceil=600 dac=?
[INFO] MEASURE d=1 fps=60.2/60.1 cpu=60.2 use=28 under/s=0 dup/s=0 ceil=600 dac=?
[INFO] MEASURE d=1 fps=60.3/60.1 cpu=60.3 use=29 under/s=0 dup/s=0 ceil=600 dac=?
[INFO] MEASURE d=1 fps=60.9/60.1 cpu=60.9 use=28 under/s=0 dup/s=0 ceil=600 dac=?
[INFO] MEASURE d=1 fps=60.5/60.1 cpu=60.5 use=28 under/s=0 dup/s=0 ceil=600 dac=?
[INFO] MEASURE d=1 fps=60.9/60.1 cpu=60.9 use=22 under/s=0 dup/s=0 ceil=600 dac=?
[INFO] MEASURE d=1 fps=60.6/60.1 cpu=60.6 use=25 under/s=0 dup/s=0 ceil=600 dac=?
[INFO] MEASURE d=1 fps=60.2/60.1 cpu=60.2 use=25 under/s=0 dup/s=0 ceil=600 dac=?
[INFO] MEASURE d=1 fps=60.4/60.1 cpu=60.4 use=26 under/s=0 dup/s=0 ceil=600 dac=?
[INFO] servo-stats: adj=+2265ppm occ=96% held=111/120 underruns=0
[INFO] gov-cap: at-ceil 95/121 ticks ceil=600000 actual=600000 kHz
[INFO] MEASURE d=1 fps=60.5/60.1 cpu=60.5 use=26 under/s=0 dup/s=0 ceil=600 dac=?
[INFO] MEASURE d=1 fps=60.6/60.1 cpu=60.6 use=18 under/s=0 dup/s=0 ceil=600 dac=?
[INFO] MEASURE d=1 fps=60.1/60.1 cpu=60.1 use=21 under/s=0 dup/s=0 ceil=600 dac=?
[INFO] MEASURE d=1 fps=60.0/60.1 cpu=60.0 use=24 under/s=0 dup/s=0 ceil=600 dac=?
[INFO] MEASURE d=1 fps=59.8/60.1 cpu=59.8 use=27 under/s=0 dup/s=0 ceil=600 dac=?
[INFO] MEASURE d=1 fps=60.4/60.1 cpu=60.4 use=27 under/s=0 dup/s=0 ceil=600 dac=?
[INFO] MEASURE d=1 fps=60.9/60.1 cpu=60.9 use=27 under/s=0 dup/s=0 ceil=600 dac=?
[INFO] MEASURE d=1 fps=59.7/60.1 cpu=59.7 use=27 under/s=0 dup/s=0 ceil=600 dac=?
[INFO] MEASURE d=1 fps=60.5/60.1 cpu=60.5 use=25 under/s=0 dup/s=0 ceil=600 dac=?
[INFO] MEASURE d=1 fps=60.5/60.1 cpu=60.5 use=23 under/s=0 dup/s=0 ceil=600 dac=?
[INFO] MEASURE d=1 fps=60.7/60.1 cpu=60.7 use=25 under/s=0 dup/s=0 ceil=600 dac=?
[INFO] MEASURE d=1 fps=60.0/60.1 cpu=60.0 use=24 under/s=0 dup/s=0 ceil=600 dac=?
[INFO] MEASURE d=1 fps=60.9/60.1 cpu=60.9 use=25 under/s=0 dup/s=0 ceil=600 dac=?
[INFO] MEASURE d=1 fps=59.8/60.1 cpu=59.8 use=26 under/s=0 dup/s=0 ceil=600 dac=?
[INFO] MEASURE d=1 fps=60.9/60.1 cpu=60.9 use=28 under/s=0 dup/s=0 ceil=600 dac=?
[INFO] MEASURE d=1 fps=59.8/60.1 cpu=59.8 use=27 under/s=0 dup/s=0 ceil=600 dac=?
[INFO] MEASURE d=1 fps=59.9/60.1 cpu=59.9 use=26 under/s=0 dup/s=0 ceil=600 dac=?
[INFO] MEASURE d=1 fps=60.8/60.1 cpu=60.8 use=29 under/s=0 dup/s=0 ceil=600 dac=?
[INFO] MEASURE d=1 fps=61.0/60.1 cpu=61.0 use=26 under/s=0 dup/s=0 ceil=600 dac=?
[INFO] MEASURE d=1 fps=59.7/60.1 cpu=59.7 use=26 under/s=0 dup/s=0 ceil=600 dac=?
[INFO] MEASURE d=1 fps=60.5/60.1 cpu=60.5 use=27 under/s=0 dup/s=0 ceil=600 dac=?
[INFO] MEASURE d=1 fps=60.7/60.1 cpu=60.7 use=25 under/s=0 dup/s=0 ceil=600 dac=?
[INFO] MEASURE d=1 fps=60.0/60.1 cpu=60.0 use=25 under/s=0 dup/s=0 ceil=600 dac=?
[INFO] MEASURE d=1 fps=60.8/60.1 cpu=60.8 use=27 under/s=0 dup/s=0 ceil=600 dac=?
[INFO] MEASURE d=1 fps=59.6/60.1 cpu=59.6 use=25 under/s=0 dup/s=0 ceil=600 dac=?
[INFO] MEASURE d=1 fps=60.8/60.1 cpu=60.8 use=27 under/s=0 dup/s=0 ceil=600 dac=?
[INFO] MEASURE d=1 fps=60.5/60.1 cpu=60.5 use=30 under/s=0 dup/s=0 ceil=600 dac=?
[INFO] MEASURE d=1 fps=60.9/60.1 cpu=60.9 use=27 under/s=0 dup/s=0 ceil=600 dac=?
[INFO] MEASURE d=1 fps=59.8/60.1 cpu=59.8 use=28 under/s=0 dup/s=0 ceil=600 dac=?
[INFO] MEASURE d=1 fps=60.3/60.1 cpu=60.3 use=26 under/s=0 dup/s=0 ceil=600 dac=?
[INFO] MEASURE d=1 fps=60.7/60.1 cpu=60.7 use=17 under/s=0 dup/s=0 ceil=600 dac=?
[INFO] MEASURE d=1 fps=59.1/60.1 cpu=59.1 use=25 under/s=0 dup/s=0 ceil=600 dac=?
[INFO] MEASURE d=1 fps=61.0/60.1 cpu=61.0 use=29 under/s=0 dup/s=0 ceil=600 dac=?
[INFO] MEASURE d=1 fps=60.5/60.1 cpu=60.5 use=29 under/s=0 dup/s=0 ceil=600 dac=?
[INFO] MEASURE d=1 fps=59.6/60.1 cpu=59.6 use=29 under/s=0 dup/s=0 ceil=600 dac=?
[INFO] MEASURE d=1 fps=60.8/60.1 cpu=60.8 use=29 under/s=0 dup/s=0 ceil=600 dac=?
[INFO] MEASURE d=1 fps=59.9/60.1 cpu=59.9 use=30 under/s=0 dup/s=0 ceil=600 dac=?
[INFO] MEASURE d=1 fps=60.5/60.1 cpu=60.5 use=28 under/s=0 dup/s=0 ceil=600 dac=?
[INFO] MEASURE d=1 fps=60.2/60.1 cpu=60.2 use=29 under/s=0 dup/s=0 ceil=600 dac=?
[INFO] MEASURE d=1 fps=60.8/60.1 cpu=60.8 use=29 under/s=0 dup/s=0 ceil=600 dac=?
[INFO] MEASURE d=1 fps=59.7/60.1 cpu=59.7 use=27 under/s=0 dup/s=0 ceil=600 dac=?
[INFO] MEASURE d=1 fps=60.3/60.1 cpu=60.3 use=29 under/s=0 dup/s=0 ceil=600 dac=?
[INFO] MEASURE d=1 fps=60.8/60.1 cpu=60.8 use=29 under/s=0 dup/s=0 ceil=600 dac=?
[INFO] MEASURE d=1 fps=60.4/60.1 cpu=60.4 use=29 under/s=0 dup/s=0 ceil=600 dac=?
[INFO] MEASURE d=1 fps=60.4/60.1 cpu=60.4 use=29 under/s=0 dup/s=0 ceil=600 dac=?
[INFO] MEASURE d=1 fps=60.3/60.1 cpu=60.3 use=29 under/s=0 dup/s=0 ceil=600 dac=?
[INFO] MEASURE d=1 fps=60.3/60.1 cpu=60.3 use=29 under/s=0 dup/s=0 ceil=600 dac=?
[INFO] MEASURE d=1 fps=60.2/60.1 cpu=60.2 use=30 under/s=0 dup/s=0 ceil=600 dac=?
[INFO] MEASURE d=1 fps=60.0/60.1 cpu=60.0 use=28 under/s=0 dup/s=0 ceil=600 dac=?
[INFO] MEASURE d=1 fps=60.4/60.1 cpu=60.4 use=30 under/s=0 dup/s=0 ceil=600 dac=?
[INFO] MEASURE d=1 fps=60.3/60.1 cpu=60.3 use=29 under/s=0 dup/s=0 ceil=600 dac=?
[INFO] MEASURE d=1 fps=60.2/60.1 cpu=60.2 use=28 under/s=0 dup/s=0 ceil=600 dac=?
[INFO] MEASURE d=1 fps=60.2/60.1 cpu=60.2 use=31 under/s=0 dup/s=0 ceil=600 dac=?
[INFO] MEASURE d=1 fps=60.9/60.1 cpu=60.9 use=29 under/s=0 dup/s=0 ceil=600 dac=?
[INFO] MEASURE d=1 fps=60.5/60.1 cpu=60.5 use=27 under/s=0 dup/s=0 ceil=600 dac=?
[INFO] MEASURE d=1 fps=60.8/60.1 cpu=60.8 use=21 under/s=0 dup/s=0 ceil=600 dac=?
[INFO] MEASURE d=1 fps=59.6/60.1 cpu=59.6 use=26 under/s=0 dup/s=0 ceil=600 dac=?
[INFO] MEASURE d=1 fps=60.5/60.1 cpu=60.5 use=26 under/s=0 dup/s=0 ceil=600 dac=?
[INFO] MEASURE d=1 fps=60.7/60.1 cpu=60.7 use=28 under/s=0 dup/s=0 ceil=600 dac=?
[INFO] servo-stats: adj=+1719ppm occ=94% held=120/120 underruns=0
[INFO] MEASURE d=1 fps=59.9/60.1 cpu=59.9 use=25 under/s=0 dup/s=0 ceil=600 dac=?
[INFO] gov-cap: at-ceil 103/121 ticks ceil=600000 actual=600000 kHz
[INFO] MEASURE d=1 fps=60.5/60.1 cpu=60.5 use=18 under/s=0 dup/s=0 ceil=600 dac=?
[INFO] MEASURE d=1 fps=60.8/60.1 cpu=60.8 use=23 under/s=0 dup/s=0 ceil=600 dac=?
[INFO] MEASURE d=1 fps=59.6/60.1 cpu=59.6 use=25 under/s=0 dup/s=0 ceil=600 dac=?
[INFO] MEASURE d=1 fps=60.5/60.1 cpu=60.5 use=28 under/s=0 dup/s=0 ceil=600 dac=?
[INFO] MEASURE d=1 fps=60.6/60.1 cpu=60.6 use=27 under/s=0 dup/s=0 ceil=600 dac=?
[INFO] MEASURE d=1 fps=59.9/60.1 cpu=59.9 use=25 under/s=0 dup/s=0 ceil=600 dac=?
[INFO] MEASURE d=1 fps=60.8/60.1 cpu=60.8 use=26 under/s=0 dup/s=0 ceil=600 dac=?
[INFO] MEASURE d=1 fps=60.5/60.1 cpu=60.5 use=26 under/s=0 dup/s=0 ceil=600 dac=?
[INFO] MEASURE d=1 fps=59.6/60.1 cpu=59.6 use=24 under/s=0 dup/s=0 ceil=600 dac=?
[INFO] MEASURE d=1 fps=60.5/60.1 cpu=60.5 use=29 under/s=0 dup/s=0 ceil=600 dac=?
[INFO] MEASURE d=1 fps=60.7/60.1 cpu=60.7 use=26 under/s=0 dup/s=0 ceil=600 dac=?
[INFO] MEASURE d=1 fps=60.0/60.1 cpu=60.0 use=26 under/s=0 dup/s=0 ceil=600 dac=?
[INFO] MEASURE d=1 fps=60.9/60.1 cpu=60.9 use=25 under/s=0 dup/s=0 ceil=600 dac=?
[INFO] MEASURE d=1 fps=59.8/60.1 cpu=59.8 use=29 under/s=0 dup/s=0 ceil=600 dac=?
[INFO] MEASURE d=1 fps=61.0/60.1 cpu=61.0 use=26 under/s=0 dup/s=0 ceil=600 dac=?
[INFO] MEASURE d=1 fps=59.6/60.1 cpu=59.6 use=24 under/s=0 dup/s=0 ceil=600 dac=?
[INFO] MEASURE d=1 fps=60.5/60.1 cpu=60.5 use=25 under/s=0 dup/s=0 ceil=600 dac=?
[INFO] MEASURE d=1 fps=60.7/60.1 cpu=60.7 use=27 under/s=0 dup/s=0 ceil=600 dac=?
[INFO] MEASURE d=1 fps=60.0/60.1 cpu=60.0 use=26 under/s=0 dup/s=0 ceil=600 dac=?
[INFO] MEASURE d=1 fps=60.6/60.1 cpu=60.6 use=26 under/s=0 dup/s=0 ceil=600 dac=?
[INFO] MEASURE d=1 fps=60.5/60.1 cpu=60.5 use=28 under/s=0 dup/s=0 ceil=600 dac=?
[INFO] MEASURE d=1 fps=60.1/60.1 cpu=60.1 use=25 under/s=0 dup/s=0 ceil=600 dac=?
[INFO] MEASURE d=1 fps=59.3/60.1 cpu=59.3 use=27 under/s=0 dup/s=0 ceil=600 dac=?
[INFO] MEASURE d=1 fps=60.8/60.1 cpu=60.8 use=26 under/s=0 dup/s=0 ceil=600 dac=?
[INFO] MEASURE d=1 fps=60.5/60.1 cpu=60.5 use=26 under/s=0 dup/s=0 ceil=600 dac=?
[INFO] MEASURE d=1 fps=60.5/60.1 cpu=60.5 use=27 under/s=0 dup/s=0 ceil=600 dac=?
[INFO] MEASURE d=1 fps=59.7/60.1 cpu=59.7 use=26 under/s=0 dup/s=0 ceil=600 dac=?
[INFO] MEASURE d=1 fps=60.3/60.1 cpu=60.3 use=30 under/s=0 dup/s=0 ceil=600 dac=?
[INFO] MEASURE d=1 fps=60.8/60.1 cpu=60.8 use=27 under/s=0 dup/s=0 ceil=600 dac=?
[INFO] MEASURE d=1 fps=60.0/60.1 cpu=60.0 use=14 under/s=0 dup/s=0 ceil=600 dac=?
[INFO] MEASURE d=1 fps=60.0/60.1 cpu=60.0 use=28 under/s=0 dup/s=0 ceil=600 dac=?
[INFO] MEASURE d=1 fps=60.8/60.1 cpu=60.8 use=27 under/s=0 dup/s=0 ceil=600 dac=?
[INFO] MEASURE d=1 fps=59.9/60.1 cpu=59.9 use=29 under/s=0 dup/s=0 ceil=600 dac=?
[INFO] MEASURE d=1 fps=60.9/60.1 cpu=60.9 use=28 under/s=0 dup/s=0 ceil=600 dac=?
[INFO] MEASURE d=1 fps=59.5/60.1 cpu=59.5 use=28 under/s=0 dup/s=0 ceil=600 dac=?
[INFO] MEASURE d=1 fps=60.5/60.1 cpu=60.5 use=28 under/s=0 dup/s=0 ceil=600 dac=?
[INFO] MEASURE d=1 fps=60.5/60.1 cpu=60.5 use=29 under/s=0 dup/s=0 ceil=600 dac=?
[INFO] MEASURE d=1 fps=60.4/60.1 cpu=60.4 use=30 under/s=0 dup/s=0 ceil=600 dac=?
[INFO] MEASURE d=1 fps=60.3/60.1 cpu=60.3 use=29 under/s=0 dup/s=0 ceil=600 dac=?
[INFO] MEASURE d=1 fps=60.3/60.1 cpu=60.3 use=29 under/s=0 dup/s=0 ceil=600 dac=?
[INFO] MEASURE d=1 fps=60.3/60.1 cpu=60.3 use=28 under/s=0 dup/s=0 ceil=600 dac=?
[INFO] MEASURE d=1 fps=60.1/60.1 cpu=60.1 use=29 under/s=0 dup/s=0 ceil=600 dac=?
[INFO] MEASURE d=1 fps=60.3/60.1 cpu=60.3 use=29 under/s=0 dup/s=0 ceil=600 dac=?
[INFO] MEASURE d=1 fps=60.3/60.1 cpu=60.3 use=28 under/s=0 dup/s=0 ceil=600 dac=?
[INFO] MEASURE d=1 fps=60.3/60.1 cpu=60.3 use=29 under/s=0 dup/s=0 ceil=600 dac=?
[INFO] MEASURE d=1 fps=60.2/60.1 cpu=60.2 use=29 under/s=0 dup/s=0 ceil=600 dac=?
[INFO] MEASURE d=1 fps=60.2/60.1 cpu=60.2 use=29 under/s=0 dup/s=0 ceil=600 dac=?
[INFO] MEASURE d=1 fps=61.0/60.1 cpu=61.0 use=29 under/s=0 dup/s=0 ceil=600 dac=?
[INFO] MEASURE d=1 fps=60.2/60.1 cpu=60.2 use=29 under/s=0 dup/s=0 ceil=600 dac=?
[INFO] MEASURE d=1 fps=60.5/60.1 cpu=60.5 use=29 under/s=0 dup/s=0 ceil=600 dac=?
[INFO] MEASURE d=1 fps=60.2/60.1 cpu=60.2 use=30 under/s=0 dup/s=0 ceil=600 dac=?
[INFO] MEASURE d=1 fps=60.2/60.1 cpu=60.2 use=28 under/s=0 dup/s=0 ceil=600 dac=?
[INFO] MEASURE d=1 fps=60.2/60.1 cpu=60.2 use=30 under/s=0 dup/s=0 ceil=600 dac=?
[INFO] MEASURE d=1 fps=61.7/60.1 cpu=61.7 use=23 under/s=0 dup/s=0 ceil=600 dac=?
[INFO] MEASURE d=1 fps=59.5/60.1 cpu=59.5 use=25 under/s=0 dup/s=0 ceil=600 dac=?
[INFO] MEASURE d=1 fps=60.6/60.1 cpu=60.6 use=26 under/s=0 dup/s=0 ceil=600 dac=?
[INFO] MEASURE d=1 fps=60.9/60.1 cpu=60.9 use=26 under/s=0 dup/s=0 ceil=600 dac=?
[INFO] MEASURE d=1 fps=59.7/60.1 cpu=59.7 use=27 under/s=0 dup/s=0 ceil=600 dac=?
[INFO] MEASURE d=1 fps=60.5/60.1 cpu=60.5 use=25 under/s=0 dup/s=0 ceil=600 dac=?
[INFO] servo-stats: adj=+2545ppm occ=95% held=119/120 underruns=0
[INFO] MEASURE d=1 fps=60.9/60.1 cpu=60.9 use=17 under/s=0 dup/s=0 ceil=600 dac=?
[INFO] gov-cap: at-ceil 102/121 ticks ceil=600000 actual=600000 kHz
[INFO] MEASURE d=1 fps=59.8/60.1 cpu=59.8 use=25 under/s=0 dup/s=0 ceil=600 dac=?
[INFO] MEASURE d=1 fps=59.9/60.1 cpu=59.9 use=26 under/s=0 dup/s=0 ceil=600 dac=?
[INFO] MEASURE d=1 fps=60.5/60.1 cpu=60.5 use=29 under/s=0 dup/s=0 ceil=600 dac=?
[INFO] MEASURE d=1 fps=60.5/60.1 cpu=60.5 use=25 under/s=0 dup/s=0 ceil=600 dac=?
[INFO] MEASURE d=1 fps=60.8/60.1 cpu=60.8 use=28 under/s=0 dup/s=0 ceil=600 dac=?
[INFO] MEASURE d=1 fps=60.5/60.1 cpu=60.5 use=25 under/s=0 dup/s=0 ceil=600 dac=?
[INFO] MEASURE d=1 fps=60.6/60.1 cpu=60.6 use=24 under/s=0 dup/s=0 ceil=600 dac=?
[INFO] MEASURE d=1 fps=59.6/60.1 cpu=59.6 use=27 under/s=0 dup/s=0 ceil=600 dac=?
[INFO] MEASURE d=1 fps=60.5/60.1 cpu=60.5 use=26 under/s=0 dup/s=0 ceil=600 dac=?
[INFO] MEASURE d=1 fps=60.9/60.1 cpu=60.9 use=26 under/s=0 dup/s=0 ceil=600 dac=?
[INFO] MEASURE d=1 fps=59.8/60.1 cpu=59.8 use=25 under/s=0 dup/s=0 ceil=600 dac=?
[INFO] MEASURE d=1 fps=60.5/60.1 cpu=60.5 use=24 under/s=0 dup/s=0 ceil=600 dac=?
[INFO] MEASURE d=1 fps=60.5/60.1 cpu=60.5 use=27 under/s=0 dup/s=0 ceil=600 dac=?
[INFO] MEASURE d=1 fps=60.5/60.1 cpu=60.5 use=24 under/s=0 dup/s=0 ceil=600 dac=?
[INFO] MEASURE d=1 fps=60.5/60.1 cpu=60.5 use=27 under/s=0 dup/s=0 ceil=600 dac=?
[INFO] MEASURE d=1 fps=59.5/60.1 cpu=59.5 use=22 under/s=0 dup/s=0 ceil=600 dac=?
[INFO] MEASURE d=1 fps=60.5/60.1 cpu=60.5 use=26 under/s=0 dup/s=0 ceil=600 dac=?
[INFO] MEASURE d=1 fps=60.5/60.1 cpu=60.5 use=27 under/s=0 dup/s=0 ceil=600 dac=?
[INFO] MEASURE d=1 fps=60.5/60.1 cpu=60.5 use=27 under/s=0 dup/s=0 ceil=600 dac=?
[INFO] MEASURE d=1 fps=60.5/60.1 cpu=60.5 use=25 under/s=0 dup/s=0 ceil=600 dac=?
[INFO] MEASURE d=1 fps=60.5/60.1 cpu=60.5 use=24 under/s=0 dup/s=0 ceil=600 dac=?
[INFO] MEASURE d=1 fps=59.6/60.1 cpu=59.6 use=25 under/s=0 dup/s=0 ceil=600 dac=?
[INFO] MEASURE d=1 fps=61.5/60.1 cpu=61.5 use=27 under/s=0 dup/s=0 ceil=600 dac=?
[INFO] MEASURE d=1 fps=59.1/60.1 cpu=59.1 use=28 under/s=0 dup/s=0 ceil=600 dac=?
[INFO] MEASURE d=1 fps=60.5/60.1 cpu=60.5 use=26 under/s=0 dup/s=0 ceil=600 dac=?
[INFO] MEASURE d=1 fps=61.0/60.1 cpu=61.0 use=26 under/s=0 dup/s=0 ceil=600 dac=?
[INFO] MEASURE d=1 fps=59.6/60.1 cpu=59.6 use=25 under/s=0 dup/s=0 ceil=600 dac=?
[INFO] MEASURE d=1 fps=60.6/60.1 cpu=60.6 use=22 under/s=0 dup/s=0 ceil=600 dac=?
[INFO] MEASURE d=1 fps=59.9/60.1 cpu=59.9 use=20 under/s=0 dup/s=0 ceil=600 dac=?
[INFO] MEASURE d=1 fps=60.4/60.1 cpu=60.4 use=28 under/s=0 dup/s=0 ceil=600 dac=?
[INFO] MEASURE d=1 fps=60.4/60.1 cpu=60.4 use=28 under/s=0 dup/s=0 ceil=600 dac=?
[INFO] MEASURE d=1 fps=60.3/60.1 cpu=60.3 use=29 under/s=0 dup/s=0 ceil=600 dac=?
[INFO] MEASURE d=1 fps=60.2/60.1 cpu=60.2 use=30 under/s=0 dup/s=0 ceil=600 dac=?
[INFO] MEASURE d=1 fps=61.1/60.1 cpu=61.1 use=29 under/s=0 dup/s=0 ceil=600 dac=?
[INFO] MEASURE d=1 fps=59.3/60.1 cpu=59.3 use=27 under/s=0 dup/s=0 ceil=600 dac=?
[INFO] MEASURE d=1 fps=60.2/60.1 cpu=60.2 use=29 under/s=0 dup/s=0 ceil=600 dac=?
[INFO] MEASURE d=1 fps=60.2/60.1 cpu=60.2 use=28 under/s=0 dup/s=0 ceil=600 dac=?
[INFO] MEASURE d=1 fps=60.3/60.1 cpu=60.3 use=30 under/s=0 dup/s=0 ceil=600 dac=?
[INFO] MEASURE d=1 fps=60.2/60.1 cpu=60.2 use=30 under/s=0 dup/s=0 ceil=600 dac=?
[INFO] MEASURE d=1 fps=60.2/60.1 cpu=60.2 use=29 under/s=0 dup/s=0 ceil=600 dac=?
[INFO] MEASURE d=1 fps=60.3/60.1 cpu=60.3 use=29 under/s=0 dup/s=0 ceil=600 dac=?
[INFO] MEASURE d=1 fps=60.2/60.1 cpu=60.2 use=30 under/s=0 dup/s=0 ceil=600 dac=?
[INFO] MEASURE d=1 fps=60.2/60.1 cpu=60.2 use=30 under/s=0 dup/s=0 ceil=600 dac=?
[INFO] MEASURE d=1 fps=61.8/60.1 cpu=61.8 use=29 under/s=0 dup/s=0 ceil=600 dac=?
[INFO] MEASURE d=1 fps=60.4/60.1 cpu=60.4 use=27 under/s=0 dup/s=0 ceil=600 dac=?
[INFO] MEASURE d=1 fps=60.3/60.1 cpu=60.3 use=29 under/s=0 dup/s=0 ceil=600 dac=?
[INFO] MEASURE d=1 fps=60.3/60.1 cpu=60.3 use=29 under/s=0 dup/s=0 ceil=600 dac=?
[INFO] MEASURE d=1 fps=60.3/60.1 cpu=60.3 use=30 under/s=0 dup/s=0 ceil=600 dac=?
[INFO] MEASURE d=1 fps=60.2/60.1 cpu=60.2 use=29 under/s=0 dup/s=0 ceil=600 dac=?
[INFO] MEASURE d=1 fps=60.2/60.1 cpu=60.2 use=30 under/s=0 dup/s=0 ceil=600 dac=?
[INFO] MEASURE d=1 fps=60.9/60.1 cpu=60.9 use=29 under/s=0 dup/s=0 ceil=600 dac=?
[INFO] MEASURE d=1 fps=60.8/60.1 cpu=60.8 use=28 under/s=0 dup/s=0 ceil=600 dac=?
[INFO] MEASURE d=1 fps=60.1/60.1 cpu=60.1 use=22 under/s=0 dup/s=0 ceil=600 dac=?
[INFO] MEASURE d=1 fps=60.9/60.1 cpu=60.9 use=25 under/s=0 dup/s=0 ceil=600 dac=?
[INFO] MEASURE d=1 fps=60.6/60.1 cpu=60.6 use=25 under/s=0 dup/s=0 ceil=600 dac=?
[INFO] MEASURE d=1 fps=60.1/60.1 cpu=60.1 use=26 under/s=0 dup/s=0 ceil=600 dac=?
[INFO] MEASURE d=1 fps=59.9/60.1 cpu=59.9 use=26 under/s=0 dup/s=0 ceil=600 dac=?
[INFO] MEASURE d=1 fps=60.8/60.1 cpu=60.8 use=21 under/s=0 dup/s=0 ceil=600 dac=?
[INFO] servo-stats: adj=+3898ppm occ=96% held=101/120 underruns=0
[INFO] MEASURE d=1 fps=60.5/60.1 cpu=60.5 use=21 under/s=0 dup/s=0 ceil=600 dac=?
[INFO] gov-cap: at-ceil 103/121 ticks ceil=600000 actual=600000 kHz
[INFO] MEASURE d=1 fps=60.5/60.1 cpu=60.5 use=24 under/s=0 dup/s=0 ceil=600 dac=?
[INFO] MEASURE d=1 fps=60.5/60.1 cpu=60.5 use=27 under/s=0 dup/s=0 ceil=600 dac=?
[INFO] MEASURE d=1 fps=60.1/60.1 cpu=60.1 use=29 under/s=0 dup/s=0 ceil=600 dac=?
[INFO] MEASURE d=1 fps=61.0/60.1 cpu=61.0 use=26 under/s=0 dup/s=0 ceil=600 dac=?
[INFO] MEASURE d=1 fps=60.2/60.1 cpu=60.2 use=28 under/s=0 dup/s=0 ceil=600 dac=?
[INFO] MEASURE d=1 fps=60.5/60.1 cpu=60.5 use=25 under/s=0 dup/s=0 ceil=600 dac=?
[INFO] MEASURE d=1 fps=60.5/60.1 cpu=60.5 use=24 under/s=0 dup/s=0 ceil=600 dac=?
[INFO] MEASURE d=1 fps=60.5/60.1 cpu=60.5 use=24 under/s=0 dup/s=0 ceil=600 dac=?
[INFO] MEASURE d=1 fps=60.7/60.1 cpu=60.7 use=26 under/s=0 dup/s=0 ceil=600 dac=?
[INFO] MEASURE d=1 fps=60.0/60.1 cpu=60.0 use=26 under/s=0 dup/s=0 ceil=600 dac=?
[INFO] MEASURE d=1 fps=60.4/60.1 cpu=60.4 use=24 under/s=0 dup/s=0 ceil=600 dac=?
[INFO] MEASURE d=1 fps=60.9/60.1 cpu=60.9 use=25 under/s=0 dup/s=0 ceil=600 dac=?
[INFO] MEASURE d=1 fps=59.9/60.1 cpu=59.9 use=26 under/s=0 dup/s=0 ceil=600 dac=?
[INFO] MEASURE d=1 fps=60.5/60.1 cpu=60.5 use=25 under/s=0 dup/s=0 ceil=600 dac=?
[INFO] MEASURE d=1 fps=60.5/60.1 cpu=60.5 use=26 under/s=0 dup/s=0 ceil=600 dac=?
[INFO] MEASURE d=1 fps=60.6/60.1 cpu=60.6 use=28 under/s=0 dup/s=0 ceil=600 dac=?
[INFO] MEASURE d=1 fps=60.4/60.1 cpu=60.4 use=25 under/s=0 dup/s=0 ceil=600 dac=?
[INFO] MEASURE d=1 fps=60.3/60.1 cpu=60.3 use=24 under/s=0 dup/s=0 ceil=600 dac=?
[INFO] MEASURE d=1 fps=60.5/60.1 cpu=60.5 use=27 under/s=0 dup/s=0 ceil=600 dac=?
[INFO] MEASURE d=1 fps=60.5/60.1 cpu=60.5 use=26 under/s=0 dup/s=0 ceil=600 dac=?
[INFO] MEASURE d=1 fps=60.5/60.1 cpu=60.5 use=25 under/s=0 dup/s=0 ceil=600 dac=?
[INFO] MEASURE d=1 fps=59.8/60.1 cpu=59.8 use=25 under/s=0 dup/s=0 ceil=600 dac=?
[INFO] MEASURE d=1 fps=60.6/60.1 cpu=60.6 use=28 under/s=0 dup/s=0 ceil=600 dac=?
[INFO] MEASURE d=1 fps=60.8/60.1 cpu=60.8 use=28 under/s=0 dup/s=0 ceil=600 dac=?
[INFO] MEASURE d=1 fps=60.6/60.1 cpu=60.6 use=27 under/s=0 dup/s=0 ceil=600 dac=?
[INFO] MEASURE d=1 fps=60.0/60.1 cpu=60.0 use=24 under/s=0 dup/s=0 ceil=600 dac=?
[INFO] MEASURE d=1 fps=60.5/60.1 cpu=60.5 use=27 under/s=0 dup/s=0 ceil=600 dac=?
[INFO] MEASURE d=1 fps=60.5/60.1 cpu=60.5 use=17 under/s=0 dup/s=0 ceil=600 dac=?
[INFO] MEASURE d=1 fps=60.1/60.1 cpu=60.1 use=28 under/s=0 dup/s=0 ceil=600 dac=?
[INFO] MEASURE d=1 fps=60.4/60.1 cpu=60.4 use=28 under/s=0 dup/s=0 ceil=600 dac=?
[INFO] MEASURE d=1 fps=60.3/60.1 cpu=60.3 use=29 under/s=0 dup/s=0 ceil=600 dac=?
[INFO] MEASURE d=1 fps=60.2/60.1 cpu=60.2 use=28 under/s=0 dup/s=0 ceil=600 dac=?
[INFO] MEASURE d=1 fps=61.3/60.1 cpu=61.3 use=30 under/s=0 dup/s=0 ceil=600 dac=?
[INFO] MEASURE d=1 fps=60.2/60.1 cpu=60.2 use=30 under/s=0 dup/s=0 ceil=600 dac=?
[INFO] MEASURE d=1 fps=60.2/60.1 cpu=60.2 use=29 under/s=0 dup/s=0 ceil=600 dac=?
[INFO] MEASURE d=1 fps=61.2/60.1 cpu=61.2 use=30 under/s=0 dup/s=0 ceil=600 dac=?
[INFO] MEASURE d=1 fps=60.3/60.1 cpu=60.3 use=30 under/s=0 dup/s=0 ceil=600 dac=?
[INFO] MEASURE d=1 fps=60.2/60.1 cpu=60.2 use=29 under/s=0 dup/s=0 ceil=600 dac=?
[INFO] MEASURE d=1 fps=60.9/60.1 cpu=60.9 use=29 under/s=0 dup/s=0 ceil=600 dac=?
[INFO] MEASURE d=1 fps=60.6/60.1 cpu=60.6 use=30 under/s=0 dup/s=0 ceil=600 dac=?
[INFO] MEASURE d=1 fps=61.6/60.1 cpu=61.6 use=30 under/s=0 dup/s=0 ceil=600 dac=?
[INFO] MEASURE d=1 fps=60.9/60.1 cpu=60.9 use=27 under/s=0 dup/s=0 ceil=600 dac=?
[INFO] MEASURE d=1 fps=59.3/60.1 cpu=59.3 use=28 under/s=0 dup/s=0 ceil=600 dac=?
[INFO] MEASURE d=1 fps=60.0/60.1 cpu=60.0 use=29 under/s=0 dup/s=0 ceil=600 dac=?
[INFO] MEASURE d=1 fps=61.2/60.1 cpu=61.2 use=29 under/s=0 dup/s=0 ceil=600 dac=?
[INFO] MEASURE d=1 fps=60.9/60.1 cpu=60.9 use=28 under/s=0 dup/s=0 ceil=600 dac=?
[INFO] MEASURE d=1 fps=60.1/60.1 cpu=60.1 use=29 under/s=0 dup/s=0 ceil=600 dac=?
[INFO] MEASURE d=1 fps=60.8/60.1 cpu=60.8 use=28 under/s=0 dup/s=0 ceil=600 dac=?
[INFO] MEASURE d=1 fps=60.2/60.1 cpu=60.2 use=28 under/s=0 dup/s=0 ceil=600 dac=?
[INFO] MEASURE d=1 fps=62.0/60.1 cpu=62.0 use=29 under/s=0 dup/s=0 ceil=600 dac=?
[INFO] MEASURE d=1 fps=60.1/60.1 cpu=60.1 use=20 under/s=0 dup/s=0 ceil=600 dac=?
[INFO] MEASURE d=1 fps=60.4/60.1 cpu=60.4 use=25 under/s=0 dup/s=0 ceil=600 dac=?
[INFO] MEASURE d=1 fps=60.5/60.1 cpu=60.5 use=26 under/s=0 dup/s=0 ceil=600 dac=?
[INFO] MEASURE d=1 fps=60.6/60.1 cpu=60.6 use=25 under/s=0 dup/s=0 ceil=600 dac=?
[INFO] MEASURE d=1 fps=60.8/60.1 cpu=60.8 use=27 under/s=0 dup/s=0 ceil=600 dac=?
[INFO] MEASURE d=1 fps=60.7/60.1 cpu=60.7 use=16 under/s=0 dup/s=0 ceil=600 dac=?
[INFO] MEASURE d=1 fps=60.1/60.1 cpu=60.1 use=23 under/s=0 dup/s=0 ceil=600 dac=?
[INFO] MEASURE d=1 fps=59.8/60.1 cpu=59.8 use=24 under/s=0 dup/s=0 ceil=600 dac=?
[INFO] servo-stats: adj=+5060ppm occ=79% held=114/120 underruns=0
[INFO] MEASURE d=1 fps=60.6/60.1 cpu=60.6 use=29 under/s=0 dup/s=0 ceil=600 dac=?
[INFO] gov-cap: at-ceil 104/121 ticks ceil=600000 actual=600000 kHz
[INFO] MEASURE d=1 fps=60.5/60.1 cpu=60.5 use=28 under/s=0 dup/s=0 ceil=600 dac=?
[INFO] MEASURE d=1 fps=60.6/60.1 cpu=60.6 use=28 under/s=0 dup/s=0 ceil=600 dac=?
[INFO] MEASURE d=1 fps=61.9/60.1 cpu=61.9 use=28 under/s=0 dup/s=0 ceil=600 dac=?
[INFO] MEASURE d=1 fps=60.0/60.1 cpu=60.0 use=26 under/s=0 dup/s=0 ceil=600 dac=?
[INFO] MEASURE d=1 fps=61.0/60.1 cpu=61.0 use=28 under/s=0 dup/s=0 ceil=600 dac=?
[INFO] MEASURE d=1 fps=59.6/60.1 cpu=59.6 use=27 under/s=0 dup/s=0 ceil=600 dac=?
[INFO] MEASURE d=1 fps=60.5/60.1 cpu=60.5 use=25 under/s=0 dup/s=0 ceil=600 dac=?
[INFO] MEASURE d=1 fps=60.5/60.1 cpu=60.5 use=25 under/s=0 dup/s=0 ceil=600 dac=?
[INFO] MEASURE d=1 fps=60.5/60.1 cpu=60.5 use=27 under/s=0 dup/s=0 ceil=600 dac=?
[INFO] MEASURE d=1 fps=60.7/60.1 cpu=60.7 use=27 under/s=0 dup/s=0 ceil=600 dac=?
[INFO] MEASURE d=1 fps=60.0/60.1 cpu=60.0 use=27 under/s=0 dup/s=0 ceil=600 dac=?
[INFO] MEASURE d=1 fps=60.5/60.1 cpu=60.5 use=27 under/s=0 dup/s=0 ceil=600 dac=?
[INFO] MEASURE d=1 fps=61.0/60.1 cpu=61.0 use=27 under/s=0 dup/s=0 ceil=600 dac=?
[INFO] MEASURE d=1 fps=60.7/60.1 cpu=60.7 use=26 under/s=0 dup/s=0 ceil=600 dac=?
[INFO] MEASURE d=1 fps=60.5/60.1 cpu=60.5 use=27 under/s=0 dup/s=0 ceil=600 dac=?
[INFO] MEASURE d=1 fps=60.8/60.1 cpu=60.8 use=27 under/s=0 dup/s=0 ceil=600 dac=?
[INFO] MEASURE d=1 fps=59.8/60.1 cpu=59.8 use=27 under/s=0 dup/s=0 ceil=600 dac=?
[INFO] MEASURE d=1 fps=60.8/60.1 cpu=60.8 use=26 under/s=0 dup/s=0 ceil=600 dac=?
[INFO] MEASURE d=1 fps=59.9/60.1 cpu=59.9 use=27 under/s=0 dup/s=0 ceil=600 dac=?
[INFO] MEASURE d=1 fps=60.5/60.1 cpu=60.5 use=26 under/s=0 dup/s=0 ceil=600 dac=?
[INFO] MEASURE d=1 fps=60.6/60.1 cpu=60.6 use=26 under/s=0 dup/s=0 ceil=600 dac=?
[INFO] MEASURE d=1 fps=60.5/60.1 cpu=60.5 use=27 under/s=0 dup/s=0 ceil=600 dac=?
[INFO] MEASURE d=1 fps=60.5/60.1 cpu=60.5 use=28 under/s=0 dup/s=0 ceil=600 dac=?
[INFO] MEASURE d=1 fps=60.2/60.1 cpu=60.2 use=27 under/s=0 dup/s=0 ceil=600 dac=?
[INFO] MEASURE d=1 fps=60.9/60.1 cpu=60.9 use=26 under/s=0 dup/s=0 ceil=600 dac=?
[INFO] MEASURE d=1 fps=60.5/60.1 cpu=60.5 use=15 under/s=0 dup/s=0 ceil=600 dac=?
[INFO] MEASURE d=1 fps=59.8/60.1 cpu=59.8 use=28 under/s=0 dup/s=0 ceil=600 dac=?
[INFO] MEASURE d=1 fps=61.2/60.1 cpu=61.2 use=30 under/s=0 dup/s=0 ceil=600 dac=?
[INFO] MEASURE d=1 fps=60.2/60.1 cpu=60.2 use=30 under/s=0 dup/s=0 ceil=600 dac=?
[INFO] MEASURE d=1 fps=60.3/60.1 cpu=60.3 use=28 under/s=0 dup/s=0 ceil=600 dac=?
[INFO] MEASURE d=1 fps=60.2/60.1 cpu=60.2 use=31 under/s=0 dup/s=0 ceil=600 dac=?
[INFO] MEASURE d=1 fps=61.2/60.1 cpu=61.2 use=29 under/s=0 dup/s=0 ceil=600 dac=?
[INFO] MEASURE d=1 fps=60.2/60.1 cpu=60.2 use=29 under/s=0 dup/s=0 ceil=600 dac=?
[INFO] MEASURE d=1 fps=60.8/60.1 cpu=60.8 use=29 under/s=0 dup/s=0 ceil=600 dac=?
[INFO] MEASURE d=1 fps=60.4/60.1 cpu=60.4 use=28 under/s=0 dup/s=0 ceil=600 dac=?
[INFO] MEASURE d=1 fps=60.4/60.1 cpu=60.4 use=30 under/s=0 dup/s=0 ceil=600 dac=?
[INFO] MEASURE d=1 fps=60.3/60.1 cpu=60.3 use=28 under/s=0 dup/s=0 ceil=600 dac=?
[INFO] MEASURE d=1 fps=60.2/60.1 cpu=60.2 use=29 under/s=0 dup/s=0 ceil=600 dac=?
[INFO] MEASURE d=1 fps=61.1/60.1 cpu=61.1 use=24 under/s=0 dup/s=0 ceil=600 dac=?
[INFO] MEASURE d=1 fps=60.9/60.1 cpu=60.9 use=23 under/s=0 dup/s=0 ceil=600 dac=?
[INFO] MEASURE d=1 fps=59.8/60.1 cpu=59.8 use=25 under/s=0 dup/s=0 ceil=600 dac=?
[INFO] MEASURE d=1 fps=60.6/60.1 cpu=60.6 use=28 under/s=0 dup/s=0 ceil=600 dac=?
[INFO] MEASURE d=1 fps=60.5/60.1 cpu=60.5 use=26 under/s=0 dup/s=0 ceil=600 dac=?
[INFO] MEASURE d=1 fps=60.1/60.1 cpu=60.1 use=25 under/s=0 dup/s=0 ceil=600 dac=?
[INFO] MEASURE d=1 fps=60.3/60.1 cpu=60.3 use=15 under/s=0 dup/s=0 ceil=600 dac=?
[INFO] MEASURE d=1 fps=60.8/60.1 cpu=60.8 use=26 under/s=0 dup/s=0 ceil=600 dac=?
[INFO] MEASURE d=1 fps=59.9/60.1 cpu=59.9 use=25 under/s=0 dup/s=0 ceil=600 dac=?
[INFO] MEASURE d=1 fps=60.3/60.1 cpu=60.3 use=27 under/s=0 dup/s=0 ceil=600 dac=?
[INFO] MEASURE d=1 fps=61.0/60.1 cpu=61.0 use=28 under/s=0 dup/s=0 ceil=600 dac=?
[INFO] MEASURE d=1 fps=59.9/60.1 cpu=59.9 use=26 under/s=0 dup/s=0 ceil=600 dac=?
[INFO] MEASURE d=1 fps=60.7/60.1 cpu=60.7 use=29 under/s=0 dup/s=0 ceil=600 dac=?
[INFO] MEASURE d=1 fps=60.5/60.1 cpu=60.5 use=26 under/s=0 dup/s=0 ceil=600 dac=?
[INFO] MEASURE d=1 fps=60.5/60.1 cpu=60.5 use=27 under/s=0 dup/s=0 ceil=600 dac=?
[INFO] MEASURE d=1 fps=59.8/60.1 cpu=59.8 use=25 under/s=0 dup/s=0 ceil=600 dac=?
[INFO] MEASURE d=1 fps=60.6/60.1 cpu=60.6 use=26 under/s=0 dup/s=0 ceil=600 dac=?
[INFO] MEASURE d=1 fps=60.5/60.1 cpu=60.5 use=27 under/s=0 dup/s=0 ceil=600 dac=?
[INFO] MEASURE d=1 fps=60.4/60.1 cpu=60.4 use=24 under/s=0 dup/s=0 ceil=600 dac=?
[INFO] MEASURE d=1 fps=60.6/60.1 cpu=60.6 use=25 under/s=0 dup/s=0 ceil=600 dac=?
[INFO] MEASURE d=1 fps=60.4/60.1 cpu=60.4 use=27 under/s=0 dup/s=0 ceil=600 dac=?
[INFO] servo-stats: adj=+3600ppm occ=92% held=118/120 underruns=0
[INFO] MEASURE d=1 fps=60.7/60.1 cpu=60.7 use=24 under/s=0 dup/s=0 ceil=600 dac=?
[INFO] gov-cap: at-ceil 97/122 ticks ceil=600000 actual=408000 kHz
[INFO] MEASURE d=1 fps=60.5/60.1 cpu=60.5 use=27 under/s=0 dup/s=0 ceil=600 dac=?
[INFO] MEASURE d=1 fps=60.4/60.1 cpu=60.4 use=27 under/s=0 dup/s=0 ceil=600 dac=?
[INFO] MEASURE d=1 fps=60.0/60.1 cpu=60.0 use=27 under/s=0 dup/s=0 ceil=600 dac=?
[INFO] MEASURE d=1 fps=60.5/60.1 cpu=60.5 use=27 under/s=0 dup/s=0 ceil=600 dac=?
[INFO] MEASURE d=1 fps=60.5/60.1 cpu=60.5 use=27 under/s=0 dup/s=0 ceil=600 dac=?
[INFO] MEASURE d=1 fps=60.5/60.1 cpu=60.5 use=25 under/s=0 dup/s=0 ceil=600 dac=?
[INFO] MEASURE d=1 fps=60.1/60.1 cpu=60.1 use=23 under/s=0 dup/s=0 ceil=600 dac=?
[INFO] MEASURE d=1 fps=60.9/60.1 cpu=60.9 use=28 under/s=0 dup/s=0 ceil=600 dac=?
[INFO] MEASURE d=1 fps=60.1/60.1 cpu=60.1 use=29 under/s=0 dup/s=0 ceil=600 dac=?
